Component: ARM Compiler 5.06 update 7 (build 960) Tool: armlink [4d3601]

==============================================================================

Section Cross References

    main.o(i.TIM2_IRQHandler) refers to event_groups.o(i.xEventGroupSetBits) for xEventGroupSetBits
    main.o(i.TIM2_IRQHandler) refers to main.o(.data) for xServo
    main.o(i.main) refers to clock.o(i.pllInit) for pllInit
    main.o(i.main) refers to lcd.o(i.LCDInitialization) for LCDInitialization
    main.o(i.main) refers to lcd.o(i.LCDDisplayString) for LCDDisplayString
    main.o(i.main) refers to arduino.o(i.pinMode) for pinMode
    main.o(i.main) refers to puls.o(i.SwInit) for SwInit
    main.o(i.main) refers to apprullo.o(i.TriggerInit) for TriggerInit
    main.o(i.main) refers to apprullo.o(i.EchoInit) for EchoInit
    main.o(i.main) refers to apprullo.o(i.MotoreInit) for MotoreInit
    main.o(i.main) refers to tasks.o(i.xTaskCreate) for xTaskCreate
    main.o(i.main) refers to event_groups.o(i.xEventGroupCreate) for xEventGroupCreate
    main.o(i.main) refers to tasks.o(i.vTaskStartScheduler) for vTaskStartScheduler
    main.o(i.main) refers to main.o(i.vTaskRullo) for vTaskRullo
    main.o(i.main) refers to main.o(i.vTaskRilevaOggetto) for vTaskRilevaOggetto
    main.o(i.main) refers to main.o(i.vTaskRilevaColore) for vTaskRilevaColore
    main.o(i.main) refers to main.o(i.vTaskConteggio) for vTaskConteggio
    main.o(i.main) refers to main.o(i.vTaskBuzzer) for vTaskBuzzer
    main.o(i.main) refers to main.o(.data) for xServo
    main.o(i.vTaskBuzzer) refers to event_groups.o(i.xEventGroupWaitBits) for xEventGroupWaitBits
    main.o(i.vTaskBuzzer) refers to arduino.o(i.digitalWrite) for digitalWrite
    main.o(i.vTaskBuzzer) refers to tasks.o(i.vTaskDelay) for vTaskDelay
    main.o(i.vTaskBuzzer) refers to main.o(.data) for xServo
    main.o(i.vTaskConteggio) refers to _printf_percent.o(.ARM.Collect$$_printf_percent$$00000000) for _printf_percent
    main.o(i.vTaskConteggio) refers to _printf_d.o(.ARM.Collect$$_printf_percent$$00000009) for _printf_d
    main.o(i.vTaskConteggio) refers to _printf_dec.o(.text) for _printf_int_dec
    main.o(i.vTaskConteggio) refers to event_groups.o(i.xEventGroupWaitBits) for xEventGroupWaitBits
    main.o(i.vTaskConteggio) refers to led.o(i.LedVerdeOn) for LedVerdeOn
    main.o(i.vTaskConteggio) refers to led.o(i.LedVerdeOff) for LedVerdeOff
    main.o(i.vTaskConteggio) refers to noretval__2sprintf.o(.text) for __2sprintf
    main.o(i.vTaskConteggio) refers to lcd.o(i.LCDClear) for LCDClear
    main.o(i.vTaskConteggio) refers to lcd.o(i.LCDDisplayString) for LCDDisplayString
    main.o(i.vTaskConteggio) refers to main.o(.data) for xServo
    main.o(i.vTaskRilevaColore) refers to event_groups.o(i.xEventGroupWaitBits) for xEventGroupWaitBits
    main.o(i.vTaskRilevaColore) refers to tasks.o(i.vTaskDelay) for vTaskDelay
    main.o(i.vTaskRilevaColore) refers to arduino.o(i.digitalRead) for digitalRead
    main.o(i.vTaskRilevaColore) refers to event_groups.o(i.xEventGroupSetBits) for xEventGroupSetBits
    main.o(i.vTaskRilevaColore) refers to main.o(.data) for xServo
    main.o(i.vTaskRilevaOggetto) refers to timer.o(i.TIM2_CH1_InCapt_SM) for TIM2_CH1_InCapt_SM
    main.o(i.vTaskRilevaOggetto) refers to timer.o(i.TIM2_CH2_PWM) for TIM2_CH2_PWM
    main.o(i.vTaskRullo) refers to timer.o(i.TIM1_CH4_PWM) for TIM1_CH4_PWM
    main.o(i.vTaskSmista) refers to event_groups.o(i.xEventGroupWaitBits) for xEventGroupWaitBits
    main.o(i.vTaskSmista) refers to event_groups.o(i.xEventGroupSetBits) for xEventGroupSetBits
    main.o(i.vTaskSmista) refers to main.o(.data) for xServo
    main.o(i.vTaskSmistaDx) refers to tasks.o(i.vTaskDelay) for vTaskDelay
    main.o(i.vTaskSmistaSx) refers to tasks.o(i.vTaskDelay) for vTaskDelay
    timer.o(i.TIM1_CH1N_PWM) refers to system_stm32l4xx.o(.data) for SystemCoreClock
    timer.o(i.TIM1_CH2_PWM) refers to system_stm32l4xx.o(.data) for SystemCoreClock
    timer.o(i.TIM1_CH3_PWM) refers to system_stm32l4xx.o(.data) for SystemCoreClock
    timer.o(i.TIM2_CH1_InCapt_SM) refers to timer.o(i.__NVIC_SetPriority) for __NVIC_SetPriority
    timer.o(i.TIM2_CH1_InCapt_SM) refers to timer.o(i.__NVIC_EnableIRQ) for __NVIC_EnableIRQ
    timer.o(i.TIM4_CH1_InCapt) refers to timer.o(i.__NVIC_SetPriority) for __NVIC_SetPriority
    timer.o(i.TIM4_CH1_InCapt) refers to timer.o(i.__NVIC_EnableIRQ) for __NVIC_EnableIRQ
    timer.o(i.TIM4_CH1_InCapt) refers to system_stm32l4xx.o(.data) for SystemCoreClock
    timer.o(i.TIM4_CH1_InCapt_SM) refers to timer.o(i.__NVIC_SetPriority) for __NVIC_SetPriority
    timer.o(i.TIM4_CH1_InCapt_SM) refers to timer.o(i.__NVIC_EnableIRQ) for __NVIC_EnableIRQ
    timer.o(i.TIM4_CH1_InCapt_SM) refers to system_stm32l4xx.o(.data) for SystemCoreClock
    timer.o(i.TIM4_CH2_PWM) refers to system_stm32l4xx.o(.data) for SystemCoreClock
    clock.o(i.MSIInit) refers to system_stm32l4xx.o(i.SystemCoreClockUpdate) for SystemCoreClockUpdate
[...]
    .ARM.Collect$$libinit$$00000017          0x0800020c   Section        0  libinit2.o(.ARM.Collect$$libinit$$00000017)
    .ARM.Collect$$libinit$$00000019          0x0800020c   Section        0  libinit2.o(.ARM.Collect$$libinit$$00000019)
    .ARM.Collect$$libinit$$0000001B          0x0800020c   Section        0  libinit2.o(.ARM.Collect$$libinit$$0000001B)
    .ARM.Collect$$libinit$$0000001D          0x0800020c   Section        0  libinit2.o(.ARM.Collect$$libinit$$0000001D)
    .ARM.Collect$$libinit$$0000001F          0x0800020c   Section        0  libinit2.o(.ARM.Collect$$libinit$$0000001F)
    .ARM.Collect$$libinit$$00000021          0x0800020c   Section        0  libinit2.o(.ARM.Collect$$libinit$$00000021)
    .ARM.Collect$$libinit$$00000023          0x0800020c   Section        0  libinit2.o(.ARM.Collect$$libinit$$00000023)
    .ARM.Collect$$libinit$$00000025          0x0800020c   Section        0  libinit2.o(.ARM.Collect$$libinit$$00000025)
    .ARM.Collect$$libinit$$0000002C          0x0800020c   Section        0  libinit2.o(.ARM.Collect$$libinit$$0000002C)
    .ARM.Collect$$libinit$$0000002E          0x0800020c   Section        0  libinit2.o(.ARM.Collect$$libinit$$0000002E)
    .ARM.Collect$$libinit$$00000030          0x0800020c   Section        0  libinit2.o(.ARM.Collect$$libinit$$00000030)
    .ARM.Collect$$libinit$$00000032          0x0800020c   Section        0  libinit2.o(.ARM.Collect$$libinit$$00000032)
    .ARM.Collect$$libinit$$00000033          0x0800020c   Section        2  libinit2.o(.ARM.Collect$$libinit$$00000033)
    .ARM.Collect$$libshutdown$$00000000      0x0800020e   Section        2  libshutdown.o(.ARM.Collect$$libshutdown$$00000000)
    .ARM.Collect$$libshutdown$$00000002      0x08000210   Section        0  libshutdown2.o(.ARM.Collect$$libshutdown$$00000002)
    .ARM.Collect$$libshutdown$$00000004      0x08000210   Section        0  libshutdown2.o(.ARM.Collect$$libshutdown$$00000004)
    .ARM.Collect$$libshutdown$$00000006      0x08000210   Section        0  libshutdown2.o(.ARM.Collect$$libshutdown$$00000006)
    .ARM.Collect$$libshutdown$$00000009      0x08000210   Section        0  libshutdown2.o(.ARM.Collect$$libshutdown$$00000009)
    .ARM.Collect$$libshutdown$$0000000C      0x08000210   Section        0  libshutdown2.o(.ARM.Collect$$libshutdown$$0000000C)
    .ARM.Collect$$libshutdown$$0000000E      0x08000210   Section        0  libshutdown2.o(.ARM.Collect$$libshutdown$$0000000E)
    .ARM.Collect$$libshutdown$$00000011      0x08000210   Section        0  libshutdown2.o(.ARM.Collect$$libshutdown$$00000011)
    .ARM.Collect$$libshutdown$$00000012      0x08000210   Section        2  libshutdown2.o(.ARM.Collect$$libshutdown$$00000012)
    .ARM.Collect$$rtentry$$00000000          0x08000212   Section        0  __rtentry.o(.ARM.Collect$$rtentry$$00000000)
    .ARM.Collect$$rtentry$$00000002          0x08000212   Section        0  __rtentry2.o(.ARM.Collect$$rtentry$$00000002)
    .ARM.Collect$$rtentry$$00000004          0x08000212   Section        6  __rtentry4.o(.ARM.Collect$$rtentry$$00000004)
    .ARM.Collect$$rtentry$$00000008          0x08000218   Section        8  __rtentry2.o(.ARM.Collect$$rtentry$$00000008)
    .ARM.Collect$$rtentry$$0000000A          0x08000220   Section        4  __rtentry2.o(.ARM.Collect$$rtentry$$0000000A)
    .ARM.Collect$$rtentry$$0000000C          0x08000224   Section        0  __rtentry2.o(.ARM.Collect$$rtentry$$0000000C)
    .ARM.Collect$$rtentry$$0000000D          0x08000224   Section        8  __rtentry2.o(.ARM.Collect$$rtentry$$0000000D)
    .ARM.Collect$$rtexit$$00000000           0x0800022c   Section        2  rtexit.o(.ARM.Collect$$rtexit$$00000000)
    .ARM.Collect$$rtexit$$00000002           0x0800022e   Section        0  rtexit2.o(.ARM.Collect$$rtexit$$00000002)
    .ARM.Collect$$rtexit$$00000003           0x0800022e   Section        4  rtexit2.o(.ARM.Collect$$rtexit$$00000003)
    .ARM.Collect$$rtexit$$00000004           0x08000232   Section        6  rtexit2.o(.ARM.Collect$$rtexit$$00000004)
    .emb_text                                0x08000238   Section      190  port.o(.emb_text)
    $v0                                      0x08000238   Number         0  port.o(.emb_text)
    .text                                    0x08000318   Section       64  startup_stm32l476xx.o(.text)
    $v0                                      0x08000318   Number         0  startup_stm32l476xx.o(.text)
    .text                                    0x08000358   Section        0  noretval__2sprintf.o(.text)
    .text                                    0x08000380   Section        0  _printf_dec.o(.text)
    .text                                    0x080003f8   Section        0  __printf_ss.o(.text)
    .text                                    0x080004b0   Section      138  rt_memcpy_v6.o(.text)
    .text                                    0x0800053a   Section       16  aeabi_memset.o(.text)
    .text                                    0x0800054a   Section       78  rt_memclr_w.o(.text)
    .text                                    0x08000598   Section        0  heapauxi.o(.text)
    .text                                    0x0800059e   Section        0  _printf_intcommon.o(.text)
    .text                                    0x08000650   Section        0  _printf_char_common.o(.text)
    _printf_input_char                       0x08000651   Thumb Code    10  _printf_char_common.o(.text)
    .text                                    0x08000680   Section        0  _sputc.o(.text)
    .text                                    0x0800068a   Section      100  rt_memcpy_w.o(.text)
    .text                                    0x080006ee   Section       68  rt_memclr.o(.text)
    .text                                    0x08000734   Section        8  libspace.o(.text)
    .text                                    0x0800073c   Section       74  sys_stackheap_outer.o(.text)
    .text                                    0x08000786   Section        0  exit.o(.text)
    .text                                    0x08000798   Section        0  sys_exit.o(.text)
    .text                                    0x080007a4   Section        2  use_no_semi.o(.text)
    .text                                    0x080007a6   Section        0  indicate_semi.o(.text)
    i.EchoInit                               0x080007a8   Section        0  apprullo.o(i.EchoInit)
    i.LCDClear                               0x080007e8   Section        0  lcd.o(i.LCDClear)
    i.LCDClockInit                           0x08000820   Section        0  lcd.o(i.LCDClockInit)
    i.LCDConfigure                           0x080008e8   Section        0  lcd.o(i.LCDConfigure)
    i.LCDConvCharSeg                         0x0800093c   Section        0  lcd.o(i.LCDConvCharSeg)
    LCDConvCharSeg                           0x0800093d   Thumb Code   304  lcd.o(i.LCDConvCharSeg)
    i.LCDDisplayString                       0x08000a74   Section        0  lcd.o(i.LCDDisplayString)
    i.LCDInitialization                      0x08000aa4   Section        0  lcd.o(i.LCDInitialization)
    i.LCDPinInit                             0x08000ab8   Section        0  lcd.o(i.LCDPinInit)
    i.LCDWriteChar                           0x08000c1c   Section        0  lcd.o(i.LCDWriteChar)
    i.LedVerdeOff                            0x080013c0   Section        0  led.o(i.LedVerdeOff)
    i.LedVerdeOn                             0x080013d4   Section        0  led.o(i.LedVerdeOn)
    i.MotoreInit                             0x080013e8   Section        0  apprullo.o(i.MotoreInit)
    i.SwCenterInit                           0x0800142c   Section        0  puls.o(i.SwCenterInit)
    i.SwDownInit                             0x0800146c   Section        0  puls.o(i.SwDownInit)
    i.SwInit                                 0x080014ac   Section        0  puls.o(i.SwInit)
    i.SwLeftInit                             0x080014c4   Section        0  puls.o(i.SwLeftInit)
    i.SwRightInit                            0x08001504   Section        0  puls.o(i.SwRightInit)
    i.SwUpInit                               0x08001544   Section        0  puls.o(i.SwUpInit)
    i.SysTick_Handler                        0x08001584   Section        0  cmsis_os2.o(i.SysTick_Handler)
    i.SystemCoreClockUpdate                  0x0800159c   Section        0  system_stm32l4xx.o(i.SystemCoreClockUpdate)
    i.SystemInit                             0x08001688   Section        0  system_stm32l4xx.o(i.SystemInit)
    i.TIM1_CH4_PWM                           0x080016d8   Section        0  timer.o(i.TIM1_CH4_PWM)
    i.TIM2_CH1_InCapt_SM                     0x0800176c   Section        0  timer.o(i.TIM2_CH1_InCapt_SM)
    i.TIM2_CH2_PWM                           0x08001820   Section        0  timer.o(i.TIM2_CH2_PWM)
    i.TIM2_IRQHandler                        0x08001894   Section        0  main.o(i.TIM2_IRQHandler)
    i.TriggerInit                            0x080018e0   Section        0  apprullo.o(i.TriggerInit)
    i.__NVIC_EnableIRQ                       0x08001928   Section        0  timer.o(i.__NVIC_EnableIRQ)
    __NVIC_EnableIRQ                         0x08001929   Thumb Code    34  timer.o(i.__NVIC_EnableIRQ)
    i.__NVIC_SetPriority                     0x0800194c   Section        0  timer.o(i.__NVIC_SetPriority)
    __NVIC_SetPriority                       0x0800194d   Thumb Code    32  timer.o(i.__NVIC_SetPriority)
    i._mutex_acquire                         0x08001974   Section        0  clib_arm.o(i._mutex_acquire)
    __tagsym$$used                           0x08001975   Number         0  clib_arm.o(i._mutex_acquire)
    i._mutex_free                            0x0800198c   Section        0  clib_arm.o(i._mutex_free)
    __tagsym$$used                           0x0800198d   Number         0  clib_arm.o(i._mutex_free)
    i._mutex_initialize                      0x080019c0   Section        0  clib_arm.o(i._mutex_initialize)
    __tagsym$$used                           0x080019c1   Number         0  clib_arm.o(i._mutex_initialize)
    i._mutex_release                         0x08001a20   Section        0  clib_arm.o(i._mutex_release)
    __tagsym$$used                           0x08001a21   Number         0  clib_arm.o(i._mutex_release)
    i._platform_post_stackheap_init          0x08001a38   Section        0  clib_arm.o(i._platform_post_stackheap_init)
    i.digitalRead                            0x08001a3a   Section        0  arduino.o(i.digitalRead)
    i.digitalWrite                           0x08001a68   Section        0  arduino.o(i.digitalWrite)
    i.main                                   0x08001aa0   Section        0  main.o(i.main)
    i.os_kernel_is_active                    0x08001c08   Section        0  clib_arm.o(i.os_kernel_is_active)
    os_kernel_is_active                      0x08001c09   Thumb Code    18  clib_arm.o(i.os_kernel_is_active)
    i.pinMode                                0x08001c1c   Section        0  arduino.o(i.pinMode)
    i.pllInit                                0x08001c74   Section        0  clock.o(i.pllInit)
    i.prvAddCurrentTaskToDelayedList         0x08001d7c   Section        0  tasks.o(i.prvAddCurrentTaskToDelayedList)
    prvAddCurrentTaskToDelayedList           0x08001d7d   Thumb Code   140  tasks.o(i.prvAddCurrentTaskToDelayedList)
    i.prvAddNewTaskToReadyList               0x08001e20   Section        0  tasks.o(i.prvAddNewTaskToReadyList)
    prvAddNewTaskToReadyList                 0x08001e21   Thumb Code   204  tasks.o(i.prvAddNewTaskToReadyList)
    i.prvCheckForValidListAndQueue           0x08001f08   Section        0  timers.o(i.prvCheckForValidListAndQueue)
    prvCheckForValidListAndQueue             0x08001f09   Thumb Code    62  timers.o(i.prvCheckForValidListAndQueue)
    i.prvCheckTasksWaitingTermination        0x08001f64   Section        0  tasks.o(i.prvCheckTasksWaitingTermination)
    prvCheckTasksWaitingTermination          0x08001f65   Thumb Code    60  tasks.o(i.prvCheckTasksWaitingTermination)
    i.prvCopyDataFromQueue                   0x08001fac   Section        0  queue.o(i.prvCopyDataFromQueue)
    prvCopyDataFromQueue                     0x08001fad   Thumb Code    42  queue.o(i.prvCopyDataFromQueue)
    i.prvCopyDataToQueue                     0x08001fd6   Section        0  queue.o(i.prvCopyDataToQueue)
    prvCopyDataToQueue                       0x08001fd7   Thumb Code   126  queue.o(i.prvCopyDataToQueue)
    i.prvDeleteTCB                           0x08002054   Section        0  tasks.o(i.prvDeleteTCB)
    prvDeleteTCB                             0x08002055   Thumb Code    40  tasks.o(i.prvDeleteTCB)
    i.prvGetDisinheritPriorityAfterTimeout   0x0800207c   Section        0  queue.o(i.prvGetDisinheritPriorityAfterTimeout)
    prvGetDisinheritPriorityAfterTimeout     0x0800207d   Thumb Code    20  queue.o(i.prvGetDisinheritPriorityAfterTimeout)
    i.prvGetNextExpireTime                   0x08002090   Section        0  timers.o(i.prvGetNextExpireTime)
    prvGetNextExpireTime                     0x08002091   Thumb Code    36  timers.o(i.prvGetNextExpireTime)
    i.prvHeapInit                            0x080020b8   Section        0  heap_4.o(i.prvHeapInit)
    prvHeapInit                              0x080020b9   Thumb Code    98  heap_4.o(i.prvHeapInit)
    i.prvIdleTask                            0x08002134   Section        0  tasks.o(i.prvIdleTask)
    prvIdleTask                              0x08002135   Thumb Code    32  tasks.o(i.prvIdleTask)
    i.prvInitialiseMutex                     0x0800215c   Section        0  queue.o(i.prvInitialiseMutex)
    prvInitialiseMutex                       0x0800215d   Thumb Code    30  queue.o(i.prvInitialiseMutex)
    i.prvInitialiseNewQueue                  0x0800217a   Section        0  queue.o(i.prvInitialiseNewQueue)
    prvInitialiseNewQueue                    0x0800217b   Thumb Code    42  queue.o(i.prvInitialiseNewQueue)
    i.prvInitialiseNewTask                   0x080021a4   Section        0  tasks.o(i.prvInitialiseNewTask)
    prvInitialiseNewTask                     0x080021a5   Thumb Code   154  tasks.o(i.prvInitialiseNewTask)
    i.prvInitialiseTaskLists                 0x08002244   Section        0  tasks.o(i.prvInitialiseTaskLists)
    prvInitialiseTaskLists                   0x08002245   Thumb Code    70  tasks.o(i.prvInitialiseTaskLists)
    i.prvInsertBlockIntoFreeList             0x080022ac   Section        0  heap_4.o(i.prvInsertBlockIntoFreeList)
    prvInsertBlockIntoFreeList               0x080022ad   Thumb Code    96  heap_4.o(i.prvInsertBlockIntoFreeList)
    i.prvInsertTimerInActiveList             0x08002314   Section        0  timers.o(i.prvInsertTimerInActiveList)
    prvInsertTimerInActiveList               0x08002315   Thumb Code    80  timers.o(i.prvInsertTimerInActiveList)
    i.prvIsQueueEmpty                        0x0800236c   Section        0  queue.o(i.prvIsQueueEmpty)
    prvIsQueueEmpty                          0x0800236d   Thumb Code    26  queue.o(i.prvIsQueueEmpty)
    i.prvIsQueueFull                         0x08002386   Section        0  queue.o(i.prvIsQueueFull)
    prvIsQueueFull                           0x08002387   Thumb Code    30  queue.o(i.prvIsQueueFull)
    i.prvProcessExpiredTimer                 0x080023a4   Section        0  timers.o(i.prvProcessExpiredTimer)
    prvProcessExpiredTimer                   0x080023a5   Thumb Code    62  timers.o(i.prvProcessExpiredTimer)
    i.prvProcessReceivedCommands             0x080023e8   Section        0  timers.o(i.prvProcessReceivedCommands)
    prvProcessReceivedCommands               0x080023e9   Thumb Code   268  timers.o(i.prvProcessReceivedCommands)
    i.prvProcessTimerOrBlockTask             0x080024f8   Section        0  timers.o(i.prvProcessTimerOrBlockTask)
    prvProcessTimerOrBlockTask               0x080024f9   Thumb Code   102  timers.o(i.prvProcessTimerOrBlockTask)
    i.prvReloadTimer                         0x0800256c   Section        0  timers.o(i.prvReloadTimer)
    prvReloadTimer                           0x0800256d   Thumb Code    40  timers.o(i.prvReloadTimer)
    i.prvResetNextTaskUnblockTime            0x08002594   Section        0  tasks.o(i.prvResetNextTaskUnblockTime)
    prvResetNextTaskUnblockTime              0x08002595   Thumb Code    40  tasks.o(i.prvResetNextTaskUnblockTime)
    i.prvSampleTimeNow                       0x080025c4   Section        0  timers.o(i.prvSampleTimeNow)
    prvSampleTimeNow                         0x080025c5   Thumb Code    40  timers.o(i.prvSampleTimeNow)
    i.prvSwitchTimerLists                    0x080025f0   Section        0  timers.o(i.prvSwitchTimerLists)
    prvSwitchTimerLists                      0x080025f1   Thumb Code    58  timers.o(i.prvSwitchTimerLists)
    i.prvTaskExitError                       0x08002634   Section        0  port.o(i.prvTaskExitError)
    prvTaskExitError                         0x08002635   Thumb Code    22  port.o(i.prvTaskExitError)
    i.prvTestWaitCondition                   0x0800264a   Section        0  event_groups.o(i.prvTestWaitCondition)
    prvTestWaitCondition                     0x0800264b   Thumb Code    30  event_groups.o(i.prvTestWaitCondition)
    i.prvTimerTask                           0x08002668   Section        0  timers.o(i.prvTimerTask)
    prvTimerTask                             0x08002669   Thumb Code    26  timers.o(i.prvTimerTask)
    i.prvUnlockQueue                         0x08002682   Section        0  queue.o(i.prvUnlockQueue)
    prvUnlockQueue                           0x08002683   Thumb Code   126  queue.o(i.prvUnlockQueue)
    i.pvPortMalloc                           0x08002700   Section        0  heap_4.o(i.pvPortMalloc)
    i.pvTaskIncrementMutexHeldCount          0x080027fc   Section        0  tasks.o(i.pvTaskIncrementMutexHeldCount)
    i.pxPortInitialiseStack                  0x0800281c   Section        0  port.o(i.pxPortInitialiseStack)
    i.uxListRemove                           0x08002848   Section        0  list.o(i.uxListRemove)
    i.uxTaskResetEventItemValue              0x08002870   Section        0  tasks.o(i.uxTaskResetEventItemValue)
    i.vApplicationGetIdleTaskMemory          0x0800288c   Section        0  cmsis_os2.o(i.vApplicationGetIdleTaskMemory)
    i.vApplicationGetTimerTaskMemory         0x080028a4   Section        0  cmsis_os2.o(i.vApplicationGetTimerTaskMemory)
    i.vApplicationStackOverflowHook          0x080028bc   Section        0  cmsis_os2.o(i.vApplicationStackOverflowHook)
    i.vListInitialise                        0x080028be   Section        0  list.o(i.vListInitialise)
    i.vListInitialiseItem                    0x080028d8   Section        0  list.o(i.vListInitialiseItem)
    i.vListInsert                            0x080028de   Section        0  list.o(i.vListInsert)
    i.vPortEnterCritical                     0x08002914   Section        0  port.o(i.vPortEnterCritical)
    i.vPortExitCritical                      0x08002938   Section        0  port.o(i.vPortExitCritical)
    i.vPortFree                              0x08002958   Section        0  heap_4.o(i.vPortFree)
    i.vPortSetupTimerInterrupt               0x080029b0   Section        0  port.o(i.vPortSetupTimerInterrupt)
    i.vQueueDelete                           0x080029d8   Section        0  queue.o(i.vQueueDelete)
    i.vQueueWaitForMessageRestricted         0x080029ec   Section        0  queue.o(i.vQueueWaitForMessageRestricted)
    i.vTaskBuzzer                            0x08002a38   Section        0  main.o(i.vTaskBuzzer)
    i.vTaskConteggio                         0x08002a78   Section        0  main.o(i.vTaskConteggio)
    i.vTaskDelay                             0x08002ae8   Section        0  tasks.o(i.vTaskDelay)
    i.vTaskInternalSetTimeOutState           0x08002b1c   Section        0  tasks.o(i.vTaskInternalSetTimeOutState)
    i.vTaskMissedYield                       0x08002b34   Section        0  tasks.o(i.vTaskMissedYield)
    i.vTaskPlaceOnEventList                  0x08002b40   Section        0  tasks.o(i.vTaskPlaceOnEventList)
    i.vTaskPlaceOnEventListRestricted        0x08002b60   Section        0  tasks.o(i.vTaskPlaceOnEventListRestricted)
    i.vTaskPlaceOnUnorderedEventList         0x08002bac   Section        0  tasks.o(i.vTaskPlaceOnUnorderedEventList)
    i.vTaskPriorityDisinheritAfterTimeout    0x08002bfc   Section        0  tasks.o(i.vTaskPriorityDisinheritAfterTimeout)
    i.vTaskRemoveFromUnorderedEventList      0x08002cbc   Section        0  tasks.o(i.vTaskRemoveFromUnorderedEventList)
    i.vTaskRilevaColore                      0x08002d88   Section        0  main.o(i.vTaskRilevaColore)
    i.vTaskRilevaOggetto                     0x08002dd0   Section        0  main.o(i.vTaskRilevaOggetto)
    i.vTaskRullo                             0x08002ddc   Section        0  main.o(i.vTaskRullo)
    i.vTaskStartScheduler                    0x08002dec   Section        0  tasks.o(i.vTaskStartScheduler)
    i.vTaskSuspendAll                        0x08002e88   Section        0  tasks.o(i.vTaskSuspendAll)
    i.vTaskSwitchContext                     0x08002e98   Section        0  tasks.o(i.vTaskSwitchContext)
    i.xEventGroupCreate                      0x08002f48   Section        0  event_groups.o(i.xEventGroupCreate)
    i.xEventGroupSetBits                     0x08002f66   Section        0  event_groups.o(i.xEventGroupSetBits)
    i.xEventGroupWaitBits                    0x08003000   Section        0  event_groups.o(i.xEventGroupWaitBits)
    i.xPortStartScheduler                    0x080030d4   Section        0  port.o(i.xPortStartScheduler)
    i.xPortSysTickHandler                    0x0800311c   Section        0  port.o(i.xPortSysTickHandler)
    i.xQueueCreateMutex                      0x08003150   Section        0  queue.o(i.xQueueCreateMutex)
    i.xQueueCreateMutexStatic                0x08003172   Section        0  queue.o(i.xQueueCreateMutexStatic)
    i.xQueueGenericCreate                    0x0800319c   Section        0  queue.o(i.xQueueGenericCreate)
    i.xQueueGenericCreateStatic              0x080031ee   Section        0  queue.o(i.xQueueGenericCreateStatic)
    i.xQueueGenericReset                     0x0800322c   Section        0  queue.o(i.xQueueGenericReset)
    i.xQueueGenericSend                      0x080032cc   Section        0  queue.o(i.xQueueGenericSend)
    i.xQueueReceive                          0x080033e4   Section        0  queue.o(i.xQueueReceive)
    i.xQueueSemaphoreTake                    0x080034e8   Section        0  queue.o(i.xQueueSemaphoreTake)
    i.xTaskCheckForTimeOut                   0x08003618   Section        0  tasks.o(i.xTaskCheckForTimeOut)
    i.xTaskCreate                            0x08003678   Section        0  tasks.o(i.xTaskCreate)
    i.xTaskCreateStatic                      0x080036e2   Section        0  tasks.o(i.xTaskCreateStatic)
    i.xTaskGetSchedulerState                 0x08003738   Section        0  tasks.o(i.xTaskGetSchedulerState)
    i.xTaskGetTickCount                      0x08003758   Section        0  tasks.o(i.xTaskGetTickCount)
    i.xTaskIncrementTick                     0x08003764   Section        0  tasks.o(i.xTaskIncrementTick)
    i.xTaskPriorityDisinherit                0x080038f4   Section        0  tasks.o(i.xTaskPriorityDisinherit)
    i.xTaskPriorityInherit                   0x08003988   Section        0  tasks.o(i.xTaskPriorityInherit)
    i.xTaskRemoveFromEventList               0x08003a60   Section        0  tasks.o(i.xTaskRemoveFromEventList)
    i.xTaskResumeAll                         0x08003b68   Section        0  tasks.o(i.xTaskResumeAll)
    i.xTimerCreateTimerTask                  0x08003cc0   Section        0  timers.o(i.xTimerCreateTimerTask)
    x$fpl$fpinit                             0x08003d20   Section       10  fpinit.o(x$fpl$fpinit)
    $v0                                      0x08003d20   Number         0  fpinit.o(x$fpl$fpinit)
    .constdata                               0x08003d2a   Section       72  lcd.o(.constdata)
    .constdata                               0x08003d74   Section       72  system_stm32l4xx.o(.constdata)
    .data                                    0x20000000   Section       12  main.o(.data)
    pacchi_b                                 0x20000004   Data           4  main.o(.data)
    pacchi_n                                 0x20000008   Data           4  main.o(.data)
    .data                                    0x2000000c   Section        4  system_stm32l4xx.o(.data)
    .data                                    0x20000010   Section       32  heap_4.o(.data)
    xStart                                   0x20000010   Data           8  heap_4.o(.data)
    pxEnd                                    0x20000018   Data           4  heap_4.o(.data)
    xFreeBytesRemaining                      0x2000001c   Data           4  heap_4.o(.data)
    xMinimumEverFreeBytesRemaining           0x20000020   Data           4  heap_4.o(.data)
    xNumberOfSuccessfulAllocations           0x20000024   Data           4  heap_4.o(.data)
    xNumberOfSuccessfulFrees                 0x20000028   Data           4  heap_4.o(.data)
    xBlockAllocatedBit                       0x2000002c   Data           4  heap_4.o(.data)
    .data                                    0x20000030   Section        4  port.o(.data)
    uxCriticalNesting                        0x20000030   Data           4  port.o(.data)
    .data                                    0x20000034   Section       64  tasks.o(.data)
    pxDelayedTaskList                        0x20000038   Data           4  tasks.o(.data)
    pxOverflowDelayedTaskList                0x2000003c   Data           4  tasks.o(.data)
    uxDeletedTasksWaitingCleanUp             0x20000040   Data           4  tasks.o(.data)
    uxCurrentNumberOfTasks                   0x20000044   Data           4  tasks.o(.data)
    xTickCount                               0x20000048   Data           4  tasks.o(.data)
    uxTopReadyPriority                       0x2000004c   Data           4  tasks.o(.data)
    xSchedulerRunning                        0x20000050   Data           4  tasks.o(.data)
    xPendedTicks                             0x20000054   Data           4  tasks.o(.data)
    xYieldPending                            0x20000058   Data           4  tasks.o(.data)
    xNumOfOverflows                          0x2000005c   Data           4  tasks.o(.data)
    uxTaskNumber                             0x20000060   Data           4  tasks.o(.data)
    xNextTaskUnblockTime                     0x20000064   Data           4  tasks.o(.data)
    xIdleTaskHandle                          0x20000068   Data           4  tasks.o(.data)
    uxSchedulerSuspended                     0x20000070   Data           4  tasks.o(.data)
    .data                                    0x20000074   Section       20  timers.o(.data)
    pxCurrentTimerList                       0x20000074   Data           4  timers.o(.data)
    pxOverflowTimerList                      0x20000078   Data           4  timers.o(.data)
    xTimerQueue                              0x2000007c   Data           4  timers.o(.data)
    xTimerTaskHandle                         0x20000080   Data           4  timers.o(.data)
    xLastTime                                0x20000084   Data           4  timers.o(.data)
    .bss                                     0x20000088   Section      916  clib_arm.o(.bss)
    os_libspace                              0x20000088   Data         480  clib_arm.o(.bss)
    os_libspace_id                           0x20000268   Data          16  clib_arm.o(.bss)
    clib_mutex_cb                            0x20000278   Data         400  clib_arm.o(.bss)
    clib_mutex_id                            0x20000408   Data          20  clib_arm.o(.bss)
    .bss                                     0x2000041c   Section     1016  cmsis_os2.o(.bss)
    Idle_TCB                                 0x2000041c   Data          92  cmsis_os2.o(.bss)
    Idle_Stack                               0x20000478   Data         512  cmsis_os2.o(.bss)
    Timer_TCB                                0x20000678   Data          92  cmsis_os2.o(.bss)
    Timer_Stack                              0x200006d4   Data         320  cmsis_os2.o(.bss)
    .bss                                     0x20000814   Section     8192  heap_4.o(.bss)
    ucHeap                                   0x20000814   Data        8192  heap_4.o(.bss)
    .bss                                     0x20002814   Section     1220  tasks.o(.bss)
    pxReadyTasksLists                        0x20002814   Data        1120  tasks.o(.bss)
    xDelayedTaskList1                        0x20002c74   Data          20  tasks.o(.bss)
    xDelayedTaskList2                        0x20002c88   Data          20  tasks.o(.bss)
    xPendingReadyList                        0x20002c9c   Data          20  tasks.o(.bss)
    xTasksWaitingTermination                 0x20002cb0   Data          20  tasks.o(.bss)
    xSuspendedTaskList                       0x20002cc4   Data          20  tasks.o(.bss)
    .bss                                     0x20002cd8   Section      200  timers.o(.bss)
    xActiveTimerList1                        0x20002cd8   Data          20  timers.o(.bss)
    xActiveTimerList2                        0x20002cec   Data          20  timers.o(.bss)
    xStaticTimerQueue                        0x20002d00   Data          80  timers.o(.bss)
    ucStaticTimerQueueStorage                0x20002d50   Data          80  timers.o(.bss)
    .bss                                     0x20002da0   Section       96  libspace.o(.bss)
    HEAP                                     0x20002e00   Section      512  startup_stm32l476xx.o(HEAP)
    Heap_Mem                                 0x20002e00   Data         512  startup_stm32l476xx.o(HEAP)
    STACK                                    0x20003000   Section     1024  startup_stm32l476xx.o(STACK)
    Stack_Mem                                0x20003000   Data        1024  startup_stm32l476xx.o(STACK)
    __initial_sp                             0x20003400   Data           0  startup_stm32l476xx.o(STACK)

    Global Symbols

    Symbol Name                              Value     Ov Type        Size  Object(Section)

    BuildAttributes$$THM_ISAv4$E$P$D$K$B$S$7EM$VFPi3$EXTD16$VFPS$VFMA$PE$A:L22UL41UL21$X:L11$S22US41US21$IEEE1$IW$USESV6$~STKCKD$USESV7$~SHL$OTIME$ROPI$IEEEJ$EBA8$UX$STANDARDLIB$REQ8$PRES8$EABIv2 0x00000000   Number         0  anon$$obj.o ABSOLUTE
    __ARM_use_no_argv                        0x00000000   Number         0  main.o ABSOLUTE
    _printf_flags                            0x00000000   Number         0  printf_stubs.o ABSOLUTE
    _printf_return_value                     0x00000000   Number         0  printf_stubs.o ABSOLUTE
    _printf_sizespec                         0x00000000   Number         0  printf_stubs.o ABSOLUTE
    _printf_widthprec                        0x00000000   Number         0  printf_stubs.o ABSOLUTE
    __ARM_exceptions_init                     - Undefined Weak Reference
    __alloca_initialize                       - Undefined Weak Reference
    __arm_fini_                               - Undefined Weak Reference
    __arm_preinit_                            - Undefined Weak Reference
    __cpp_initialize__aeabi_                  - Undefined Weak Reference
    __cxa_finalize                            - Undefined Weak Reference
    __sigvec_lookup                           - Undefined Weak Reference
    _atexit_init                              - Undefined Weak Reference
    _call_atexit_fns                          - Undefined Weak Reference
    _clock_init                               - Undefined Weak Reference
    _fp_trap_init                             - Undefined Weak Reference
    _fp_trap_shutdown                         - Undefined Weak Reference
    _get_lc_collate                           - Undefined Weak Reference
    _get_lc_ctype                             - Undefined Weak Reference
    _get_lc_monetary                          - Undefined Weak Reference
    _get_lc_time                              - Undefined Weak Reference
    _getenv_init                              - Undefined Weak Reference
    _handle_redirection                       - Undefined Weak Reference
    _init_alloc                               - Undefined Weak Reference
    _init_user_alloc                          - Undefined Weak Reference
    _initio                                   - Undefined Weak Reference
    _printf_post_padding                      - Undefined Weak Reference
    _printf_pre_padding                       - Undefined Weak Reference
    _printf_truncate_signed                   - Undefined Weak Reference
    _printf_truncate_unsigned                 - Undefined Weak Reference
    _rand_init                                - Undefined Weak Reference
    _signal_finish                            - Undefined Weak Reference
    _signal_init                              - Undefined Weak Reference
    _terminate_alloc                          - Undefined Weak Reference
    _terminate_user_alloc                     - Undefined Weak Reference
    _terminateio                              - Undefined Weak Reference
    __Vectors_Size                           0x00000188   Number         0  startup_stm32l476xx.o ABSOLUTE
    __Vectors                                0x08000000   Data           4  startup_stm32l476xx.o(RESET)
    __Vectors_End                            0x08000188   Data           0  startup_stm32l476xx.o(RESET)
    __main                                   0x08000189   Thumb Code     8  __main.o(!!!main)
    __scatterload                            0x08000191   Thumb Code     0  __scatter.o(!!!scatter)
    __scatterload_rt2                        0x08000191   Thumb Code    44  __scatter.o(!!!scatter)
    __scatterload_rt2_thumb_only             0x08000191   Thumb Code     0  __scatter.o(!!!scatter)
    __scatterload_null                       0x0800019f   Thumb Code     0  __scatter.o(!!!scatter)
    __scatterload_copy                       0x080001c5   Thumb Code    26  __scatter_copy.o(!!handler_copy)
    __scatterload_zeroinit                   0x080001e1   Thumb Code    28  __scatter_zi.o(!!handler_zi)
    _printf_d                                0x080001fd   Thumb Code     0  _printf_d.o(.ARM.Collect$$_printf_percent$$00000009)
    _printf_percent                          0x080001fd   Thumb Code     0  _printf_percent.o(.ARM.Collect$$_printf_percent$$00000000)
    _printf_percent_end                      0x08000203   Thumb Code     0  _printf_percent_end.o(.ARM.Collect$$_printf_percent$$00000017)
    __rt_lib_init                            0x08000207   Thumb Code     0  libinit.o(.ARM.Collect$$libinit$$00000000)
    __rt_lib_init_fp_1                       0x08000209   Thumb Code     0  libinit2.o(.ARM.Collect$$libinit$$00000001)
    __rt_lib_init_alloca_1                   0x0800020d   Thumb Code     0  libinit2.o(.ARM.Collect$$libinit$$0000002E)
    __rt_lib_init_argv_1                     0x0800020d   Thumb Code     0  libinit2.o(.ARM.Collect$$libinit$$0000002C)
    __rt_lib_init_atexit_1                   0x0800020d   Thumb Code     0  libinit2.o(.ARM.Collect$$libinit$$0000001B)
    __rt_lib_init_clock_1                    0x0800020d   Thumb Code     0  libinit2.o(.ARM.Collect$$libinit$$00000021)
    __rt_lib_init_cpp_1                      0x0800020d   Thumb Code     0  libinit2.o(.ARM.Collect$$libinit$$00000032)
    __rt_lib_init_exceptions_1               0x0800020d   Thumb Code     0  libinit2.o(.ARM.Collect$$libinit$$00000030)
    __rt_lib_init_fp_trap_1                  0x0800020d   Thumb Code     0  libinit2.o(.ARM.Collect$$libinit$$0000001F)
    __rt_lib_init_getenv_1                   0x0800020d   Thumb Code     0  libinit2.o(.ARM.Collect$$libinit$$00000023)
    __rt_lib_init_heap_1                     0x0800020d   Thumb Code     0  libinit2.o(.ARM.Collect$$libinit$$0000000A)
    __rt_lib_init_lc_collate_1               0x0800020d   Thumb Code     0  libinit2.o(.ARM.Collect$$libinit$$00000011)
    __rt_lib_init_lc_ctype_1                 0x0800020d   Thumb Code     0  libinit2.o(.ARM.Collect$$libinit$$00000013)
    __rt_lib_init_lc_monetary_1              0x0800020d   Thumb Code     0  libinit2.o(.ARM.Collect$$libinit$$00000015)
    __rt_lib_init_lc_numeric_1               0x0800020d   Thumb Code     0  libinit2.o(.ARM.Collect$$libinit$$00000017)
    __rt_lib_init_lc_time_1                  0x0800020d   Thumb Code     0  libinit2.o(.ARM.Collect$$libinit$$00000019)
    __rt_lib_init_preinit_1                  0x0800020d   Thumb Code     0  libinit2.o(.ARM.Collect$$libinit$$00000004)
    __rt_lib_init_rand_1                     0x0800020d   Thumb Code     0  libinit2.o(.ARM.Collect$$libinit$$0000000E)
    __rt_lib_init_return                     0x0800020d   Thumb Code     0  libinit2.o(.ARM.Collect$$libinit$$00000033)
    __rt_lib_init_signal_1                   0x0800020d   Thumb Code     0  libinit2.o(.ARM.Collect$$libinit$$0000001D)
    __rt_lib_init_stdio_1                    0x0800020d   Thumb Code     0  libinit2.o(.ARM.Collect$$libinit$$00000025)
    __rt_lib_init_user_alloc_1               0x0800020d   Thumb Code     0  libinit2.o(.ARM.Collect$$libinit$$0000000C)
    __rt_lib_shutdown                        0x0800020f   Thumb Code     0  libshutdown.o(.ARM.Collect$$libshutdown$$00000000)
    __rt_lib_shutdown_cpp_1                  0x08000211   Thumb Code     0  libshutdown2.o(.ARM.Collect$$libshutdown$$00000004)
    __rt_lib_shutdown_fini_1                 0x08000211   Thumb Code     0  libshutdown2.o(.ARM.Collect$$libshutdown$$00000002)
    __rt_lib_shutdown_fp_trap_1              0x08000211   Thumb Code     0  libshutdown2.o(.ARM.Collect$$libshutdown$$00000009)
    __rt_lib_shutdown_heap_1                 0x08000211   Thumb Code     0  libshutdown2.o(.ARM.Collect$$libshutdown$$00000011)
    __rt_lib_shutdown_return                 0x08000211   Thumb Code     0  libshutdown2.o(.ARM.Collect$$libshutdown$$00000012)
    __rt_lib_shutdown_signal_1               0x08000211   Thumb Code     0  libshutdown2.o(.ARM.Collect$$libshutdown$$0000000C)
    __rt_lib_shutdown_stdio_1                0x08000211   Thumb Code     0  libshutdown2.o(.ARM.Collect$$libshutdown$$00000006)
    __rt_lib_shutdown_user_alloc_1           0x08000211   Thumb Code     0  libshutdown2.o(.ARM.Collect$$libshutdown$$0000000E)
    __rt_entry                               0x08000213   Thumb Code     0  __rtentry.o(.ARM.Collect$$rtentry$$00000000)
    __rt_entry_presh_1                       0x08000213   Thumb Code     0  __rtentry2.o(.ARM.Collect$$rtentry$$00000002)
    __rt_entry_sh                            0x08000213   Thumb Code     0  __rtentry4.o(.ARM.Collect$$rtentry$$00000004)
    __rt_entry_postsh_1                      0x08000219   Thumb Code     0  __rtentry2.o(.ARM.Collect$$rtentry$$00000008)
    __rt_entry_li                            0x08000221   Thumb Code     0  __rtentry2.o(.ARM.Collect$$rtentry$$0000000A)
    __rt_entry_main                          0x08000225   Thumb Code     0  __rtentry2.o(.ARM.Collect$$rtentry$$0000000D)
    __rt_entry_postli_1                      0x08000225   Thumb Code     0  __rtentry2.o(.ARM.Collect$$rtentry$$0000000C)
    __rt_exit                                0x0800022d   Thumb Code     0  rtexit.o(.ARM.Collect$$rtexit$$00000000)
    __rt_exit_ls                             0x0800022f   Thumb Code     0  rtexit2.o(.ARM.Collect$$rtexit$$00000003)
    __rt_exit_prels_1                        0x0800022f   Thumb Code     0  rtexit2.o(.ARM.Collect$$rtexit$$00000002)
    __rt_exit_exit                           0x08000233   Thumb Code     0  rtexit2.o(.ARM.Collect$$rtexit$$00000004)
    SVC_Handler                              0x08000239   Thumb Code    28  port.o(.emb_text)
    __asm___6_port_c_39a90d8d__prvStartFirstTask 0x08000259   Thumb Code    36  port.o(.emb_text)
    __asm___6_port_c_39a90d8d__prvEnableVFP  0x08000281   Thumb Code    16  port.o(.emb_text)
    PendSV_Handler                           0x08000295   Thumb Code    88  port.o(.emb_text)
    vPortGetIPSR                             0x080002f1   Thumb Code     6  port.o(.emb_text)
    Reset_Handler                            0x08000319   Thumb Code     8  startup_stm32l476xx.o(.text)
    NMI_Handler                              0x08000321   Thumb Code     2  startup_stm32l476xx.o(.text)
    HardFault_Handler                        0x08000323   Thumb Code     2  startup_stm32l476xx.o(.text)
    MemManage_Handler                        0x08000325   Thumb Code     2  startup_stm32l476xx.o(.text)
    BusFault_Handler                         0x08000327   Thumb Code     2  startup_stm32l476xx.o(.text)
    UsageFault_Handler                       0x08000329   Thumb Code     2  startup_stm32l476xx.o(.text)
    DebugMon_Handler                         0x0800032d   Thumb Code     2  startup_stm32l476xx.o(.text)
    ADC1_2_IRQHandler                        0x08000333   Thumb Code     0  startup_stm32l476xx.o(.text)
    ADC3_IRQHandler                          0x08000333   Thumb Code     0  startup_stm32l476xx.o(.text)
    CAN1_RX0_IRQHandler                      0x08000333   Thumb Code     0  startup_stm32l476xx.o(.text)
    CAN1_RX1_IRQHandler                      0x08000333   Thumb Code     0  startup_stm32l476xx.o(.text)
    CAN1_SCE_IRQHandler                      0x08000333   Thumb Code     0  startup_stm32l476xx.o(.text)
    CAN1_TX_IRQHandler                       0x08000333   Thumb Code     0  startup_stm32l476xx.o(.text)
    COMP_IRQHandler                          0x08000333   Thumb Code     0  startup_stm32l476xx.o(.text)
    DFSDM1_FLT0_IRQHandler                   0x08000333   Thumb Code     0  startup_stm32l476xx.o(.text)
    DFSDM1_FLT1_IRQHandler                   0x08000333   Thumb Code     0  startup_stm32l476xx.o(.text)
    DFSDM1_FLT2_IRQHandler                   0x08000333   Thumb Code     0  startup_stm32l476xx.o(.text)
    DFSDM1_FLT3_IRQHandler                   0x08000333   Thumb Code     0  startup_stm32l476xx.o(.text)
    DMA1_Channel1_IRQHandler                 0x08000333   Thumb Code     0  startup_stm32l476xx.o(.text)
    DMA1_Channel2_IRQHandler                 0x08000333   Thumb Code     0  startup_stm32l476xx.o(.text)
    DMA1_Channel3_IRQHandler                 0x08000333   Thumb Code     0  startup_stm32l476xx.o(.text)
    DMA1_Channel4_IRQHandler                 0x08000333   Thumb Code     0  startup_stm32l476xx.o(.text)
    DMA1_Channel5_IRQHandler                 0x08000333   Thumb Code     0  startup_stm32l476xx.o(.text)
    DMA1_Channel6_IRQHandler                 0x08000333   Thumb Code     0  startup_stm32l476xx.o(.text)
    DMA1_Channel7_IRQHandler                 0x08000333   Thumb Code     0  startup_stm32l476xx.o(.text)
    DMA2_Channel1_IRQHandler                 0x08000333   Thumb Code     0  startup_stm32l476xx.o(.text)
    DMA2_Channel2_IRQHandler                 0x08000333   Thumb Code     0  startup_stm32l476xx.o(.text)
    DMA2_Channel3_IRQHandler                 0x08000333   Thumb Code     0  startup_stm32l476xx.o(.text)
    DMA2_Channel4_IRQHandler                 0x08000333   Thumb Code     0  startup_stm32l476xx.o(.text)
    DMA2_Channel5_IRQHandler                 0x08000333   Thumb Code     0  startup_stm32l476xx.o(.text)
    DMA2_Channel6_IRQHandler                 0x08000333   Thumb Code     0  startup_stm32l476xx.o(.text)
    DMA2_Channel7_IRQHandler                 0x08000333   Thumb Code     0  startup_stm32l476xx.o(.text)
    EXTI0_IRQHandler                         0x08000333   Thumb Code     0  startup_stm32l476xx.o(.text)
    EXTI15_10_IRQHandler                     0x08000333   Thumb Code     0  startup_stm32l476xx.o(.text)
    EXTI1_IRQHandler                         0x08000333   Thumb Code     0  startup_stm32l476xx.o(.text)
    EXTI2_IRQHandler                         0x08000333   Thumb Code     0  startup_stm32l476xx.o(.text)
    EXTI3_IRQHandler                         0x08000333   Thumb Code     0  startup_stm32l476xx.o(.text)
    EXTI4_IRQHandler                         0x08000333   Thumb Code     0  startup_stm32l476xx.o(.text)
    EXTI9_5_IRQHandler                       0x08000333   Thumb Code     0  startup_stm32l476xx.o(.text)
    FLASH_IRQHandler                         0x08000333   Thumb Code     0  startup_stm32l476xx.o(.text)
    FMC_IRQHandler                           0x08000333   Thumb Code     0  startup_stm32l476xx.o(.text)
    FPU_IRQHandler                           0x08000333   Thumb Code     0  startup_stm32l476xx.o(.text)
    I2C1_ER_IRQHandler                       0x08000333   Thumb Code     0  startup_stm32l476xx.o(.text)
    I2C1_EV_IRQHandler                       0x08000333   Thumb Code     0  startup_stm32l476xx.o(.text)
    I2C2_ER_IRQHandler                       0x08000333   Thumb Code     0  startup_stm32l476xx.o(.text)
    I2C2_EV_IRQHandler                       0x08000333   Thumb Code     0  startup_stm32l476xx.o(.text)
    I2C3_ER_IRQHandler                       0x08000333   Thumb Code     0  startup_stm32l476xx.o(.text)
    I2C3_EV_IRQHandler                       0x08000333   Thumb Code     0  startup_stm32l476xx.o(.text)
    LCD_IRQHandler                           0x08000333   Thumb Code     0  startup_stm32l476xx.o(.text)
    LPTIM1_IRQHandler                        0x08000333   Thumb Code     0  startup_stm32l476xx.o(.text)
    LPTIM2_IRQHandler                        0x08000333   Thumb Code     0  startup_stm32l476xx.o(.text)
    LPUART1_IRQHandler                       0x08000333   Thumb Code     0  startup_stm32l476xx.o(.text)
    OTG_FS_IRQHandler                        0x08000333   Thumb Code     0  startup_stm32l476xx.o(.text)
    PVD_PVM_IRQHandler                       0x08000333   Thumb Code     0  startup_stm32l476xx.o(.text)
    QUADSPI_IRQHandler                       0x08000333   Thumb Code     0  startup_stm32l476xx.o(.text)
    RCC_IRQHandler                           0x08000333   Thumb Code     0  startup_stm32l476xx.o(.text)
    RNG_IRQHandler                           0x08000333   Thumb Code     0  startup_stm32l476xx.o(.text)
    RTC_Alarm_IRQHandler                     0x08000333   Thumb Code     0  startup_stm32l476xx.o(.text)
    RTC_WKUP_IRQHandler                      0x08000333   Thumb Code     0  startup_stm32l476xx.o(.text)
    SAI1_IRQHandler                          0x08000333   Thumb Code     0  startup_stm32l476xx.o(.text)
    SAI2_IRQHandler                          0x08000333   Thumb Code     0  startup_stm32l476xx.o(.text)
    SDMMC1_IRQHandler                        0x08000333   Thumb Code     0  startup_stm32l476xx.o(.text)
    SPI1_IRQHandler                          0x08000333   Thumb Code     0  startup_stm32l476xx.o(.text)
    SPI2_IRQHandler                          0x08000333   Thumb Code     0  startup_stm32l476xx.o(.text)
    SPI3_IRQHandler                          0x08000333   Thumb Code     0  startup_stm32l476xx.o(.text)
    SWPMI1_IRQHandler                        0x08000333   Thumb Code     0  startup_stm32l476xx.o(.text)
    TAMP_STAMP_IRQHandler                    0x08000333   Thumb Code     0  startup_stm32l476xx.o(.text)
    TIM1_BRK_TIM15_IRQHandler                0x08000333   Thumb Code     0  startup_stm32l476xx.o(.text)
    TIM1_CC_IRQHandler                       0x08000333   Thumb Code     0  startup_stm32l476xx.o(.text)
    TIM1_TRG_COM_TIM17_IRQHandler            0x08000333   Thumb Code     0  startup_stm32l476xx.o(.text)
    TIM1_UP_TIM16_IRQHandler                 0x08000333   Thumb Code     0  startup_stm32l476xx.o(.text)
    TIM3_IRQHandler                          0x08000333   Thumb Code     0  startup_stm32l476xx.o(.text)
    TIM4_IRQHandler                          0x08000333   Thumb Code     0  startup_stm32l476xx.o(.text)
    TIM5_IRQHandler                          0x08000333   Thumb Code     0  startup_stm32l476xx.o(.text)
    TIM6_DAC_IRQHandler                      0x08000333   Thumb Code     0  startup_stm32l476xx.o(.text)
    TIM7_IRQHandler                          0x08000333   Thumb Code     0  startup_stm32l476xx.o(.text)
    TIM8_BRK_IRQHandler                      0x08000333   Thumb Code     0  startup_stm32l476xx.o(.text)
    TIM8_CC_IRQHandler                       0x08000333   Thumb Code     0  startup_stm32l476xx.o(.text)
    TIM8_TRG_COM_IRQHandler                  0x08000333   Thumb Code     0  startup_stm32l476xx.o(.text)
    TIM8_UP_IRQHandler                       0x08000333   Thumb Code     0  startup_stm32l476xx.o(.text)
    TSC_IRQHandler                           0x08000333   Thumb Code     0  startup_stm32l476xx.o(.text)
    UART4_IRQHandler                         0x08000333   Thumb Code     0  startup_stm32l476xx.o(.text)
    UART5_IRQHandler                         0x08000333   Thumb Code     0  startup_stm32l476xx.o(.text)
    USART1_IRQHandler                        0x08000333   Thumb Code     0  startup_stm32l476xx.o(.text)
    USART2_IRQHandler                        0x08000333   Thumb Code     0  startup_stm32l476xx.o(.text)
    USART3_IRQHandler                        0x08000333   Thumb Code     0  startup_stm32l476xx.o(.text)
    WWDG_IRQHandler                          0x08000333   Thumb Code     0  startup_stm32l476xx.o(.text)
    __user_initial_stackheap                 0x08000335   Thumb Code     0  startup_stm32l476xx.o(.text)
    __2sprintf                               0x08000359   Thumb Code    34  noretval__2sprintf.o(.text)
    _printf_int_dec                          0x08000381   Thumb Code   104  _printf_dec.o(.text)
    __printf                                 0x080003f9   Thumb Code   184  __printf_ss.o(.text)
    __aeabi_memcpy                           0x080004b1   Thumb Code     0  rt_memcpy_v6.o(.text)
    __rt_memcpy                              0x080004b1   Thumb Code   138  rt_memcpy_v6.o(.text)
    _memcpy_lastbytes                        0x08000517   Thumb Code     0  rt_memcpy_v6.o(.text)
    __aeabi_memset                           0x0800053b   Thumb Code    16  aeabi_memset.o(.text)
    __aeabi_memclr4                          0x0800054b   Thumb Code     0  rt_memclr_w.o(.text)
    __aeabi_memclr8                          0x0800054b   Thumb Code     0  rt_memclr_w.o(.text)
    __rt_memclr_w                            0x0800054b   Thumb Code    78  rt_memclr_w.o(.text)
    _memset_w                                0x0800054f   Thumb Code     0  rt_memclr_w.o(.text)
    __use_two_region_memory                  0x08000599   Thumb Code     2  heapauxi.o(.text)
    __rt_heap_escrow$2region                 0x0800059b   Thumb Code     2  heapauxi.o(.text)
    __rt_heap_expand$2region                 0x0800059d   Thumb Code     2  heapauxi.o(.text)
    _printf_int_common                       0x0800059f   Thumb Code   178  _printf_intcommon.o(.text)
    _printf_char_common                      0x0800065b   Thumb Code    32  _printf_char_common.o(.text)
    _sputc                                   0x08000681   Thumb Code    10  _sputc.o(.text)
    __aeabi_memcpy4                          0x0800068b   Thumb Code     0  rt_memcpy_w.o(.text)
    __aeabi_memcpy8                          0x0800068b   Thumb Code     0  rt_memcpy_w.o(.text)
    __rt_memcpy_w                            0x0800068b   Thumb Code   100  rt_memcpy_w.o(.text)
    _memcpy_lastbytes_aligned                0x080006d3   Thumb Code     0  rt_memcpy_w.o(.text)
    __aeabi_memclr                           0x080006ef   Thumb Code     0  rt_memclr.o(.text)
    __rt_memclr                              0x080006ef   Thumb Code    68  rt_memclr.o(.text)
    _memset                                  0x080006f3   Thumb Code     0  rt_memclr.o(.text)
    __user_libspace                          0x08000735   Thumb Code     8  libspace.o(.text)
    __user_perproc_libspace                  0x08000735   Thumb Code     0  libspace.o(.text)
    __user_setup_stackheap                   0x0800073d   Thumb Code    74  sys_stackheap_outer.o(.text)
    exit                                     0x08000787   Thumb Code    18  exit.o(.text)
    _sys_exit                                0x08000799   Thumb Code     8  sys_exit.o(.text)
    __I$use$semihosting                      0x080007a5   Thumb Code     0  use_no_semi.o(.text)
    __use_no_semihosting_swi                 0x080007a5   Thumb Code     2  use_no_semi.o(.text)
    __semihosting_library_function           0x080007a7   Thumb Code     0  indicate_semi.o(.text)
    EchoInit                                 0x080007a9   Thumb Code    60  apprullo.o(i.EchoInit)
    LCDClear                                 0x080007e9   Thumb Code    52  lcd.o(i.LCDClear)
    LCDClockInit                             0x08000821   Thumb Code   190  lcd.o(i.LCDClockInit)
    LCDConfigure                             0x080008e9   Thumb Code    78  lcd.o(i.LCDConfigure)
    LCDDisplayString                         0x08000a75   Thumb Code    44  lcd.o(i.LCDDisplayString)
    LCDInitialization                        0x08000aa5   Thumb Code    20  lcd.o(i.LCDInitialization)
    LCDPinInit                               0x08000ab9   Thumb Code   290  lcd.o(i.LCDPinInit)
    LCDWriteChar                             0x08000c1d   Thumb Code  1946  lcd.o(i.LCDWriteChar)
    LedVerdeOff                              0x080013c1   Thumb Code    14  led.o(i.LedVerdeOff)
    LedVerdeOn                               0x080013d5   Thumb Code    14  led.o(i.LedVerdeOn)
    MotoreInit                               0x080013e9   Thumb Code    58  apprullo.o(i.MotoreInit)
    SwCenterInit                             0x0800142d   Thumb Code    60  puls.o(i.SwCenterInit)
    SwDownInit                               0x0800146d   Thumb Code    60  puls.o(i.SwDownInit)
    SwInit                                   0x080014ad   Thumb Code    24  puls.o(i.SwInit)
    SwLeftInit                               0x080014c5   Thumb Code    60  puls.o(i.SwLeftInit)
    SwRightInit                              0x08001505   Thumb Code    60  puls.o(i.SwRightInit)
    SwUpInit                                 0x08001545   Thumb Code    60  puls.o(i.SwUpInit)
    SysTick_Handler                          0x08001585   Thumb Code    22  cmsis_os2.o(i.SysTick_Handler)
    SystemCoreClockUpdate                    0x0800159d   Thumb Code   212  system_stm32l4xx.o(i.SystemCoreClockUpdate)
    SystemInit                               0x08001689   Thumb Code    68  system_stm32l4xx.o(i.SystemInit)
    TIM1_CH4_PWM                             0x080016d9   Thumb Code   134  timer.o(i.TIM1_CH4_PWM)
    TIM2_CH1_InCapt_SM                       0x0800176d   Thumb Code   170  timer.o(i.TIM2_CH1_InCapt_SM)
    TIM2_CH2_PWM                             0x08001821   Thumb Code   102  timer.o(i.TIM2_CH2_PWM)
    TIM2_IRQHandler                          0x08001895   Thumb Code    68  main.o(i.TIM2_IRQHandler)
    TriggerInit                              0x080018e1   Thumb Code    62  apprullo.o(i.TriggerInit)
    _mutex_acquire                           0x08001975   Thumb Code    22  clib_arm.o(i._mutex_acquire)
    _mutex_free                              0x0800198d   Thumb Code    46  clib_arm.o(i._mutex_free)
    _mutex_initialize                        0x080019c1   Thumb Code    86  clib_arm.o(i._mutex_initialize)
    _mutex_release                           0x08001a21   Thumb Code    24  clib_arm.o(i._mutex_release)
    _platform_post_stackheap_init            0x08001a39   Thumb Code     2  clib_arm.o(i._platform_post_stackheap_init)
    digitalRead                              0x08001a3b   Thumb Code    46  arduino.o(i.digitalRead)
    digitalWrite                             0x08001a69   Thumb Code    56  arduino.o(i.digitalWrite)
    main                                     0x08001aa1   Thumb Code   186  main.o(i.main)
    pinMode                                  0x08001c1d   Thumb Code    84  arduino.o(i.pinMode)
    pllInit                                  0x08001c75   Thumb Code   254  clock.o(i.pllInit)
    pvPortMalloc                             0x08002701   Thumb Code   228  heap_4.o(i.pvPortMalloc)
    pvTaskIncrementMutexHeldCount            0x080027fd   Thumb Code    26  tasks.o(i.pvTaskIncrementMutexHeldCount)
    pxPortInitialiseStack                    0x0800281d   Thumb Code    38  port.o(i.pxPortInitialiseStack)
    uxListRemove                             0x08002849   Thumb Code    40  list.o(i.uxListRemove)
    uxTaskResetEventItemValue                0x08002871   Thumb Code    24  tasks.o(i.uxTaskResetEventItemValue)
    vApplicationGetIdleTaskMemory            0x0800288d   Thumb Code    14  cmsis_os2.o(i.vApplicationGetIdleTaskMemory)
    vApplicationGetTimerTaskMemory           0x080028a5   Thumb Code    14  cmsis_os2.o(i.vApplicationGetTimerTaskMemory)
    vApplicationStackOverflowHook            0x080028bd   Thumb Code     2  cmsis_os2.o(i.vApplicationStackOverflowHook)
    vListInitialise                          0x080028bf   Thumb Code    26  list.o(i.vListInitialise)
    vListInitialiseItem                      0x080028d9   Thumb Code     6  list.o(i.vListInitialiseItem)
    vListInsert                              0x080028df   Thumb Code    52  list.o(i.vListInsert)
    vPortEnterCritical                       0x08002915   Thumb Code    30  port.o(i.vPortEnterCritical)
    vPortExitCritical                        0x08002939   Thumb Code    28  port.o(i.vPortExitCritical)
    vPortFree                                0x08002959   Thumb Code    74  heap_4.o(i.vPortFree)
    vPortSetupTimerInterrupt                 0x080029b1   Thumb Code    36  port.o(i.vPortSetupTimerInterrupt)
    vQueueDelete                             0x080029d9   Thumb Code    20  queue.o(i.vQueueDelete)
    vQueueWaitForMessageRestricted           0x080029ed   Thumb Code    74  queue.o(i.vQueueWaitForMessageRestricted)
    vTaskBuzzer                              0x08002a39   Thumb Code    60  main.o(i.vTaskBuzzer)
    vTaskConteggio                           0x08002a79   Thumb Code    92  main.o(i.vTaskConteggio)
    vTaskDelay                               0x08002ae9   Thumb Code    46  tasks.o(i.vTaskDelay)
    vTaskInternalSetTimeOutState             0x08002b1d   Thumb Code    14  tasks.o(i.vTaskInternalSetTimeOutState)
    vTaskMissedYield                         0x08002b35   Thumb Code     8  tasks.o(i.vTaskMissedYield)
    vTaskPlaceOnEventList                    0x08002b41   Thumb Code    28  tasks.o(i.vTaskPlaceOnEventList)
    vTaskPlaceOnEventListRestricted          0x08002b61   Thumb Code    70  tasks.o(i.vTaskPlaceOnEventListRestricted)
    vTaskPlaceOnUnorderedEventList           0x08002bad   Thumb Code    74  tasks.o(i.vTaskPlaceOnUnorderedEventList)
    vTaskPriorityDisinheritAfterTimeout      0x08002bfd   Thumb Code   182  tasks.o(i.vTaskPriorityDisinheritAfterTimeout)
    vTaskRemoveFromUnorderedEventList        0x08002cbd   Thumb Code   188  tasks.o(i.vTaskRemoveFromUnorderedEventList)
    vTaskRilevaColore                        0x08002d89   Thumb Code    68  main.o(i.vTaskRilevaColore)
    vTaskRilevaOggetto                       0x08002dd1   Thumb Code    12  main.o(i.vTaskRilevaOggetto)
    vTaskRullo                               0x08002ddd   Thumb Code    14  main.o(i.vTaskRullo)
    vTaskStartScheduler                      0x08002ded   Thumb Code   124  tasks.o(i.vTaskStartScheduler)
    vTaskSuspendAll                          0x08002e89   Thumb Code    12  tasks.o(i.vTaskSuspendAll)
    vTaskSwitchContext                       0x08002e99   Thumb Code   154  tasks.o(i.vTaskSwitchContext)
    xEventGroupCreate                        0x08002f49   Thumb Code    30  event_groups.o(i.xEventGroupCreate)
    xEventGroupSetBits                       0x08002f67   Thumb Code   146  event_groups.o(i.xEventGroupSetBits)
    xEventGroupWaitBits                      0x08003001   Thumb Code   198  event_groups.o(i.xEventGroupWaitBits)
    xPortStartScheduler                      0x080030d5   Thumb Code    58  port.o(i.xPortStartScheduler)
    xPortSysTickHandler                      0x0800311d   Thumb Code    46  port.o(i.xPortSysTickHandler)
    xQueueCreateMutex                        0x08003151   Thumb Code    34  queue.o(i.xQueueCreateMutex)
    xQueueCreateMutexStatic                  0x08003173   Thumb Code    42  queue.o(i.xQueueCreateMutexStatic)
    xQueueGenericCreate                      0x0800319d   Thumb Code    82  queue.o(i.xQueueGenericCreate)
    xQueueGenericCreateStatic                0x080031ef   Thumb Code    62  queue.o(i.xQueueGenericCreateStatic)
    xQueueGenericReset                       0x0800322d   Thumb Code   156  queue.o(i.xQueueGenericReset)
    xQueueGenericSend                        0x080032cd   Thumb Code   276  queue.o(i.xQueueGenericSend)
    xQueueReceive                            0x080033e5   Thumb Code   256  queue.o(i.xQueueReceive)
    xQueueSemaphoreTake                      0x080034e9   Thumb Code   300  queue.o(i.xQueueSemaphoreTake)
    xTaskCheckForTimeOut                     0x08003619   Thumb Code    88  tasks.o(i.xTaskCheckForTimeOut)
    xTaskCreate                              0x08003679   Thumb Code   100  tasks.o(i.xTaskCreate)
    xTaskCreateStatic                        0x080036e3   Thumb Code    78  tasks.o(i.xTaskCreateStatic)
    xTaskGetSchedulerState                   0x08003739   Thumb Code    24  tasks.o(i.xTaskGetSchedulerState)
    xTaskGetTickCount                        0x08003759   Thumb Code     6  tasks.o(i.xTaskGetTickCount)
    xTaskIncrementTick                       0x08003765   Thumb Code   354  tasks.o(i.xTaskIncrementTick)
    xTaskPriorityDisinherit                  0x080038f5   Thumb Code   138  tasks.o(i.xTaskPriorityDisinherit)
    xTaskPriorityInherit                     0x08003989   Thumb Code   202  tasks.o(i.xTaskPriorityInherit)
    xTaskRemoveFromEventList                 0x08003a61   Thumb Code   238  tasks.o(i.xTaskRemoveFromEventList)
    xTaskResumeAll                           0x08003b69   Thumb Code   308  tasks.o(i.xTaskResumeAll)
    xTimerCreateTimerTask                    0x08003cc1   Thumb Code    76  timers.o(i.xTimerCreateTimerTask)
    _fp_init                                 0x08003d21   Thumb Code    10  fpinit.o(x$fpl$fpinit)
    __fplib_config_fpu_vfp                   0x08003d29   Thumb Code     0  fpinit.o(x$fpl$fpinit)
    __fplib_config_pureend_doubles           0x08003d29   Thumb Code     0  fpinit.o(x$fpl$fpinit)
    CapLetterMap                             0x08003d2a   Data          52  lcd.o(.constdata)
    NumberMap                                0x08003d5e   Data          20  lcd.o(.constdata)
    AHBPrescTable                            0x08003d74   Data          16  system_stm32l4xx.o(.constdata)
    APBPrescTable                            0x08003d84   Data           8  system_stm32l4xx.o(.constdata)
    MSIRangeTable                            0x08003d8c   Data          48  system_stm32l4xx.o(.constdata)
    Region$$Table$$Base                      0x08003dbc   Number         0  anon$$obj.o(Region$$Table)
    Region$$Table$$Limit                     0x08003ddc   Number         0  anon$$obj.o(Region$$Table)
    xServo                                   0x20000000   Data           4  main.o(.data)
    SystemCoreClock                          0x2000000c   Data           4  system_stm32l4xx.o(.data)
    pxCurrentTCB                             0x20000034   Data           4  tasks.o(.data)
    uxTopUsedPriority                        0x2000006c   Data           4  tasks.o(.data)
    __libspace_start                         0x20002da0   Data          96  libspace.o(.bss)
    __temporary_stack_top$libspace           0x20002e00   Data           0  libspace.o(.bss)



==============================================================================

Memory Map of the image

  Image Entry point : 0x08000319

  Load Region LR_1 (Base: 0x08000000, Size: 0x00003e64, Max: 0xffffffff, ABSOLUTE)

    Execution Region ER_RO (Exec base: 0x08000000, Load base: 0x08000000, Size: 0x00003ddc, Max: 0xffffffff, ABSOLUTE)

    Exec Addr    Load Addr    Size         Type   Attr      Idx    E Section Name        Object

    0x08000000   0x08000000   0x00000188   Data   RO         1496    RESET               startup_stm32l476xx.o
    0x08000188   0x08000188   0x00000008   Code   RO         2928  * !!!main             c_w.l(__main.o)
    0x08000190   0x08000190   0x00000034   Code   RO         3154    !!!scatter          c_w.l(__scatter.o)
    0x080001c4   0x080001c4   0x0000001a   Code   RO         3156    !!handler_copy      c_w.l(__scatter_copy.o)
    0x080001de   0x080001de   0x00000002   PAD
    0x080001e0   0x080001e0   0x0000001c   Code   RO         3158    !!handler_zi        c_w.l(__scatter_zi.o)
    0x080001fc   0x080001fc   0x00000000   Code   RO         2917    .ARM.Collect$$_printf_percent$$00000000  c_w.l(_printf_percent.o)
    0x080001fc   0x080001fc   0x00000006   Code   RO         2915    .ARM.Collect$$_printf_percent$$00000009  c_w.l(_printf_d.o)
    0x08000202   0x08000202   0x00000004   Code   RO         2943    .ARM.Collect$$_printf_percent$$00000017  c_w.l(_printf_percent_end.o)
    0x08000206   0x08000206   0x00000002   Code   RO         3025    .ARM.Collect$$libinit$$00000000  c_w.l(libinit.o)
    0x08000208   0x08000208   0x00000004   Code   RO         3026    .ARM.Collect$$libinit$$00000001  c_w.l(libinit2.o)
    0x0800020c   0x0800020c   0x00000000   Code   RO         3029    .ARM.Collect$$libinit$$00000004  c_w.l(libinit2.o)
    0x0800020c   0x0800020c   0x00000000   Code   RO         3032    .ARM.Collect$$libinit$$0000000A  c_w.l(libinit2.o)
    0x0800020c   0x0800020c   0x00000000   Code   RO         3034    .ARM.Collect$$libinit$$0000000C  c_w.l(libinit2.o)
    0x0800020c   0x0800020c   0x00000000   Code   RO         3036    .ARM.Collect$$libinit$$0000000E  c_w.l(libinit2.o)
    0x0800020c   0x0800020c   0x00000000   Code   RO         3039    .ARM.Collect$$libinit$$00000011  c_w.l(libinit2.o)
    0x0800020c   0x0800020c   0x00000000   Code   RO         3041    .ARM.Collect$$libinit$$00000013  c_w.l(libinit2.o)
    0x0800020c   0x0800020c   0x00000000   Code   RO         3043    .ARM.Collect$$libinit$$00000015  c_w.l(libinit2.o)
    0x0800020c   0x0800020c   0x00000000   Code   RO         3045    .ARM.Collect$$libinit$$00000017  c_w.l(libinit2.o)
    0x0800020c   0x0800020c   0x00000000   Code   RO         3047    .ARM.Collect$$libinit$$00000019  c_w.l(libinit2.o)
    0x0800020c   0x0800020c   0x00000000   Code   RO         3049    .ARM.Collect$$libinit$$0000001B  c_w.l(libinit2.o)
    0x0800020c   0x0800020c   0x00000000   Code   RO         3051    .ARM.Collect$$libinit$$0000001D  c_w.l(libinit2.o)
    0x0800020c   0x0800020c   0x00000000   Code   RO         3053    .ARM.Collect$$libinit$$0000001F  c_w.l(libinit2.o)
    0x0800020c   0x0800020c   0x00000000   Code   RO         3055    .ARM.Collect$$libinit$$00000021  c_w.l(libinit2.o)
    0x0800020c   0x0800020c   0x00000000   Code   RO         3057    .ARM.Collect$$libinit$$00000023  c_w.l(libinit2.o)
    0x0800020c   0x0800020c   0x00000000   Code   RO         3059    .ARM.Collect$$libinit$$00000025  c_w.l(libinit2.o)
    0x0800020c   0x0800020c   0x00000000   Code   RO         3063    .ARM.Collect$$libinit$$0000002C  c_w.l(libinit2.o)
    0x0800020c   0x0800020c   0x00000000   Code   RO         3065    .ARM.Collect$$libinit$$0000002E  c_w.l(libinit2.o)
    0x0800020c   0x0800020c   0x00000000   Code   RO         3067    .ARM.Collect$$libinit$$00000030  c_w.l(libinit2.o)
    0x0800020c   0x0800020c   0x00000000   Code   RO         3069    .ARM.Collect$$libinit$$00000032  c_w.l(libinit2.o)
    0x0800020c   0x0800020c   0x00000002   Code   RO         3070    .ARM.Collect$$libinit$$00000033  c_w.l(libinit2.o)
    0x0800020e   0x0800020e   0x00000002   Code   RO         3100    .ARM.Collect$$libshutdown$$00000000  c_w.l(libshutdown.o)
    0x08000210   0x08000210   0x00000000   Code   RO         3111    .ARM.Collect$$libshutdown$$00000002  c_w.l(libshutdown2.o)
    0x08000210   0x08000210   0x00000000   Code   RO         3113    .ARM.Collect$$libshutdown$$00000004  c_w.l(libshutdown2.o)
    0x08000210   0x08000210   0x00000000   Code   RO         3115    .ARM.Collect$$libshutdown$$00000006  c_w.l(libshutdown2.o)
    0x08000210   0x08000210   0x00000000   Code   RO         3118    .ARM.Collect$$libshutdown$$00000009  c_w.l(libshutdown2.o)
    0x08000210   0x08000210   0x00000000   Code   RO         3121    .ARM.Collect$$libshutdown$$0000000C  c_w.l(libshutdown2.o)
    0x08000210   0x08000210   0x00000000   Code   RO         3123    .ARM.Collect$$libshutdown$$0000000E  c_w.l(libshutdown2.o)
    0x08000210   0x08000210   0x00000000   Code   RO         3126    .ARM.Collect$$libshutdown$$00000011  c_w.l(libshutdown2.o)
    0x08000210   0x08000210   0x00000002   Code   RO         3127    .ARM.Collect$$libshutdown$$00000012  c_w.l(libshutdown2.o)
    0x08000212   0x08000212   0x00000000   Code   RO         2934    .ARM.Collect$$rtentry$$00000000  c_w.l(__rtentry.o)
    0x08000212   0x08000212   0x00000000   Code   RO         2954    .ARM.Collect$$rtentry$$00000002  c_w.l(__rtentry2.o)
    0x08000212   0x08000212   0x00000006   Code   RO         2966    .ARM.Collect$$rtentry$$00000004  c_w.l(__rtentry4.o)
    0x08000218   0x08000218   0x00000008   Code   RO         2955    .ARM.Collect$$rtentry$$00000008  c_w.l(__rtentry2.o)
    0x08000220   0x08000220   0x00000004   Code   RO         2957    .ARM.Collect$$rtentry$$0000000A  c_w.l(__rtentry2.o)
    0x08000224   0x08000224   0x00000000   Code   RO         2959    .ARM.Collect$$rtentry$$0000000C  c_w.l(__rtentry2.o)
    0x08000224   0x08000224   0x00000008   Code   RO         2960    .ARM.Collect$$rtentry$$0000000D  c_w.l(__rtentry2.o)
    0x0800022c   0x0800022c   0x00000002   Code   RO         3071    .ARM.Collect$$rtexit$$00000000  c_w.l(rtexit.o)
    0x0800022e   0x0800022e   0x00000000   Code   RO         3078    .ARM.Collect$$rtexit$$00000002  c_w.l(rtexit2.o)
    0x0800022e   0x0800022e   0x00000004   Code   RO         3079    .ARM.Collect$$rtexit$$00000003  c_w.l(rtexit2.o)
    0x08000232   0x08000232   0x00000006   Code   RO         3080    .ARM.Collect$$rtexit$$00000004  c_w.l(rtexit2.o)
    0x08000238   0x08000238   0x000000de   Code   RO         1826    .emb_text           port.o
    0x08000316   0x08000316   0x00000002   PAD
    0x08000318   0x08000318   0x00000040   Code   RO         1497  * .text               startup_stm32l476xx.o
    0x08000358   0x08000358   0x00000028   Code   RO         2889    .text               c_w.l(noretval__2sprintf.o)
    0x08000380   0x08000380   0x00000078   Code   RO         2893    .text               c_w.l(_printf_dec.o)
    0x080003f8   0x080003f8   0x000000b8   Code   RO         2898    .text               c_w.l(__printf_ss.o)
    0x080004b0   0x080004b0   0x0000008a   Code   RO         2920    .text               c_w.l(rt_memcpy_v6.o)
    0x0800053a   0x0800053a   0x00000010   Code   RO         2922    .text               c_w.l(aeabi_memset.o)
    0x0800054a   0x0800054a   0x0000004e   Code   RO         2924    .text               c_w.l(rt_memclr_w.o)
    0x08000598   0x08000598   0x00000006   Code   RO         2926    .text               c_w.l(heapauxi.o)
    0x0800059e   0x0800059e   0x000000b2   Code   RO         2935    .text               c_w.l(_printf_intcommon.o)
    0x08000650   0x08000650   0x00000030   Code   RO         2939    .text               c_w.l(_printf_char_common.o)
    0x08000680   0x08000680   0x0000000a   Code   RO         2941    .text               c_w.l(_sputc.o)
    0x0800068a   0x0800068a   0x00000064   Code   RO         2944    .text               c_w.l(rt_memcpy_w.o)
    0x080006ee   0x080006ee   0x00000044   Code   RO         2946    .text               c_w.l(rt_memclr.o)
    0x08000732   0x08000732   0x00000002   PAD
    0x08000734   0x08000734   0x00000008   Code   RO         3013    .text               c_w.l(libspace.o)
    0x0800073c   0x0800073c   0x0000004a   Code   RO         3016    .text               c_w.l(sys_stackheap_outer.o)
    0x08000786   0x08000786   0x00000012   Code   RO         3018    .text               c_w.l(exit.o)
    0x08000798   0x08000798   0x0000000c   Code   RO         3090    .text               c_w.l(sys_exit.o)
    0x080007a4   0x080007a4   0x00000002   Code   RO         3101    .text               c_w.l(use_no_semi.o)
    0x080007a6   0x080007a6   0x00000000   Code   RO         3103    .text               c_w.l(indicate_semi.o)
    0x080007a6   0x080007a6   0x00000002   PAD
    0x080007a8   0x080007a8   0x00000040   Code   RO          273    i.EchoInit          apprullo.o
    0x080007e8   0x080007e8   0x00000038   Code   RO          394    i.LCDClear          lcd.o
    0x08000820   0x08000820   0x000000c8   Code   RO          395    i.LCDClockInit      lcd.o
    0x080008e8   0x080008e8   0x00000054   Code   RO          396    i.LCDConfigure      lcd.o
    0x0800093c   0x0800093c   0x00000138   Code   RO          401    i.LCDConvCharSeg    lcd.o
    0x08000a74   0x08000a74   0x00000030   Code   RO          403    i.LCDDisplayString  lcd.o
    0x08000aa4   0x08000aa4   0x00000014   Code   RO          405    i.LCDInitialization  lcd.o
    0x08000ab8   0x08000ab8   0x00000164   Code   RO          406    i.LCDPinInit        lcd.o
    0x08000c1c   0x08000c1c   0x000007a4   Code   RO          407    i.LCDWriteChar      lcd.o
    0x080013c0   0x080013c0   0x00000014   Code   RO          707    i.LedVerdeOff       led.o
    0x080013d4   0x080013d4   0x00000014   Code   RO          708    i.LedVerdeOn        led.o
    0x080013e8   0x080013e8   0x00000044   Code   RO          274    i.MotoreInit        apprullo.o
    0x0800142c   0x0800142c   0x00000040   Code   RO          526    i.SwCenterInit      puls.o
    0x0800146c   0x0800146c   0x00000040   Code   RO          528    i.SwDownInit        puls.o
    0x080014ac   0x080014ac   0x00000018   Code   RO          531    i.SwInit            puls.o
    0x080014c4   0x080014c4   0x00000040   Code   RO          535    i.SwLeftInit        puls.o
    0x08001504   0x08001504   0x00000040   Code   RO          540    i.SwRightInit       puls.o
    0x08001544   0x08001544   0x00000040   Code   RO          543    i.SwUpInit          puls.o
    0x08001584   0x08001584   0x00000016   Code   RO          897    i.SysTick_Handler   cmsis_os2.o
    0x0800159a   0x0800159a   0x00000002   PAD
    0x0800159c   0x0800159c   0x000000ec   Code   RO         1504    i.SystemCoreClockUpdate  system_stm32l4xx.o
    0x08001688   0x08001688   0x00000050   Code   RO         1505    i.SystemInit        system_stm32l4xx.o
    0x080016d8   0x080016d8   0x00000094   Code   RO          178    i.TIM1_CH4_PWM      timer.o
    0x0800176c   0x0800176c   0x000000b4   Code   RO          180    i.TIM2_CH1_InCapt_SM  timer.o
    0x08001820   0x08001820   0x00000074   Code   RO          181    i.TIM2_CH2_PWM      timer.o
    0x08001894   0x08001894   0x0000004c   Code   RO            4    i.TIM2_IRQHandler   main.o
    0x080018e0   0x080018e0   0x00000048   Code   RO          276    i.TriggerInit       apprullo.o
    0x08001928   0x08001928   0x00000022   Code   RO          186    i.__NVIC_EnableIRQ  timer.o
    0x0800194a   0x0800194a   0x00000002   PAD
    0x0800194c   0x0800194c   0x00000028   Code   RO          187    i.__NVIC_SetPriority  timer.o
    0x08001974   0x08001974   0x00000016   Code   RO          815    i._mutex_acquire    clib_arm.o
    0x0800198a   0x0800198a   0x00000002   PAD
    0x0800198c   0x0800198c   0x00000034   Code   RO          816    i._mutex_free       clib_arm.o
    0x080019c0   0x080019c0   0x00000060   Code   RO          817    i._mutex_initialize  clib_arm.o
    0x08001a20   0x08001a20   0x00000018   Code   RO          818    i._mutex_release    clib_arm.o
    0x08001a38   0x08001a38   0x00000002   Code   RO          819    i._platform_post_stackheap_init  clib_arm.o
    0x08001a3a   0x08001a3a   0x0000002e   Code   RO          315    i.digitalRead       arduino.o
    0x08001a68   0x08001a68   0x00000038   Code   RO          316    i.digitalWrite      arduino.o
    0x08001aa0   0x08001aa0   0x00000168   Code   RO            5    i.main              main.o
    0x08001c08   0x08001c08   0x00000012   Code   RO          820    i.os_kernel_is_active  clib_arm.o
    0x08001c1a   0x08001c1a   0x00000002   PAD
    0x08001c1c   0x08001c1c   0x00000058   Code   RO          317    i.pinMode           arduino.o
    0x08001c74   0x08001c74   0x00000108   Code   RO          364    i.pllInit           clock.o
    0x08001d7c   0x08001d7c   0x000000a4   Code   RO         2311    i.prvAddCurrentTaskToDelayedList  tasks.o
    0x08001e20   0x08001e20   0x000000e8   Code   RO         2312    i.prvAddNewTaskToReadyList  tasks.o
    0x08001f08   0x08001f08   0x0000005c   Code   RO         2708    i.prvCheckForValidListAndQueue  timers.o
    0x08001f64   0x08001f64   0x00000048   Code   RO         2313    i.prvCheckTasksWaitingTermination  tasks.o
    0x08001fac   0x08001fac   0x0000002a   Code   RO         1909    i.prvCopyDataFromQueue  queue.o
    0x08001fd6   0x08001fd6   0x0000007e   Code   RO         1910    i.prvCopyDataToQueue  queue.o
    0x08002054   0x08002054   0x00000028   Code   RO         2314    i.prvDeleteTCB      tasks.o
    0x0800207c   0x0800207c   0x00000014   Code   RO         1911    i.prvGetDisinheritPriorityAfterTimeout  queue.o
    0x08002090   0x08002090   0x00000028   Code   RO         2709    i.prvGetNextExpireTime  timers.o
    0x080020b8   0x080020b8   0x0000007c   Code   RO         1759    i.prvHeapInit       heap_4.o
    0x08002134   0x08002134   0x00000028   Code   RO         2315    i.prvIdleTask       tasks.o
    0x0800215c   0x0800215c   0x0000001e   Code   RO         1912    i.prvInitialiseMutex  queue.o
    0x0800217a   0x0800217a   0x0000002a   Code   RO         1913    i.prvInitialiseNewQueue  queue.o
    0x080021a4   0x080021a4   0x000000a0   Code   RO         2316    i.prvInitialiseNewTask  tasks.o
    0x08002244   0x08002244   0x00000068   Code   RO         2317    i.prvInitialiseTaskLists  tasks.o
    0x080022ac   0x080022ac   0x00000068   Code   RO         1760    i.prvInsertBlockIntoFreeList  heap_4.o
    0x08002314   0x08002314   0x00000058   Code   RO         2711    i.prvInsertTimerInActiveList  timers.o
    0x0800236c   0x0800236c   0x0000001a   Code   RO         1914    i.prvIsQueueEmpty   queue.o
    0x08002386   0x08002386   0x0000001e   Code   RO         1915    i.prvIsQueueFull    queue.o
    0x080023a4   0x080023a4   0x00000044   Code   RO         2712    i.prvProcessExpiredTimer  timers.o
    0x080023e8   0x080023e8   0x00000110   Code   RO         2713    i.prvProcessReceivedCommands  timers.o
    0x080024f8   0x080024f8   0x00000074   Code   RO         2714    i.prvProcessTimerOrBlockTask  timers.o
    0x0800256c   0x0800256c   0x00000028   Code   RO         2715    i.prvReloadTimer    timers.o
    0x08002594   0x08002594   0x00000030   Code   RO         2319    i.prvResetNextTaskUnblockTime  tasks.o
    0x080025c4   0x080025c4   0x0000002c   Code   RO         2716    i.prvSampleTimeNow  timers.o
    0x080025f0   0x080025f0   0x00000044   Code   RO         2717    i.prvSwitchTimerLists  timers.o
    0x08002634   0x08002634   0x00000016   Code   RO         1827    i.prvTaskExitError  port.o
    0x0800264a   0x0800264a   0x0000001e   Code   RO         1583    i.prvTestWaitCondition  event_groups.o
    0x08002668   0x08002668   0x0000001a   Code   RO         2718    i.prvTimerTask      timers.o
    0x08002682   0x08002682   0x0000007e   Code   RO         1916    i.prvUnlockQueue    queue.o
    0x08002700   0x08002700   0x000000fc   Code   RO         1761    i.pvPortMalloc      heap_4.o
    0x080027fc   0x080027fc   0x00000020   Code   RO         2322    i.pvTaskIncrementMutexHeldCount  tasks.o
    0x0800281c   0x0800281c   0x0000002c   Code   RO         1828    i.pxPortInitialiseStack  port.o
    0x08002848   0x08002848   0x00000028   Code   RO         1708    i.uxListRemove      list.o
    0x08002870   0x08002870   0x0000001c   Code   RO         2331    i.uxTaskResetEventItemValue  tasks.o
    0x0800288c   0x0800288c   0x00000018   Code   RO          970    i.vApplicationGetIdleTaskMemory  cmsis_os2.o
    0x080028a4   0x080028a4   0x00000018   Code   RO          971    i.vApplicationGetTimerTaskMemory  cmsis_os2.o
    0x080028bc   0x080028bc   0x00000002   Code   RO          972    i.vApplicationStackOverflowHook  cmsis_os2.o
    0x080028be   0x080028be   0x0000001a   Code   RO         1709    i.vListInitialise   list.o
    0x080028d8   0x080028d8   0x00000006   Code   RO         1710    i.vListInitialiseItem  list.o
    0x080028de   0x080028de   0x00000034   Code   RO         1711    i.vListInsert       list.o
    0x08002912   0x08002912   0x00000002   PAD
    0x08002914   0x08002914   0x00000024   Code   RO         1830    i.vPortEnterCritical  port.o
    0x08002938   0x08002938   0x00000020   Code   RO         1831    i.vPortExitCritical  port.o
    0x08002958   0x08002958   0x00000058   Code   RO         1762    i.vPortFree         heap_4.o
    0x080029b0   0x080029b0   0x00000028   Code   RO         1832    i.vPortSetupTimerInterrupt  port.o
    0x080029d8   0x080029d8   0x00000014   Code   RO         1922    i.vQueueDelete      queue.o
    0x080029ec   0x080029ec   0x0000004a   Code   RO         1924    i.vQueueWaitForMessageRestricted  queue.o
    0x08002a36   0x08002a36   0x00000002   PAD
    0x08002a38   0x08002a38   0x00000040   Code   RO            6    i.vTaskBuzzer       main.o
    0x08002a78   0x08002a78   0x00000070   Code   RO            7    i.vTaskConteggio    main.o
    0x08002ae8   0x08002ae8   0x00000034   Code   RO         2332    i.vTaskDelay        tasks.o
    0x08002b1c   0x08002b1c   0x00000018   Code   RO         2337    i.vTaskInternalSetTimeOutState  tasks.o
    0x08002b34   0x08002b34   0x0000000c   Code   RO         2338    i.vTaskMissedYield  tasks.o
    0x08002b40   0x08002b40   0x00000020   Code   RO         2339    i.vTaskPlaceOnEventList  tasks.o
    0x08002b60   0x08002b60   0x0000004c   Code   RO         2340    i.vTaskPlaceOnEventListRestricted  tasks.o
    0x08002bac   0x08002bac   0x00000050   Code   RO         2341    i.vTaskPlaceOnUnorderedEventList  tasks.o
    0x08002bfc   0x08002bfc   0x000000c0   Code   RO         2342    i.vTaskPriorityDisinheritAfterTimeout  tasks.o
    0x08002cbc   0x08002cbc   0x000000cc   Code   RO         2344    i.vTaskRemoveFromUnorderedEventList  tasks.o
    0x08002d88   0x08002d88   0x00000048   Code   RO            8    i.vTaskRilevaColore  main.o
    0x08002dd0   0x08002dd0   0x0000000c   Code   RO            9    i.vTaskRilevaOggetto  main.o
    0x08002ddc   0x08002ddc   0x0000000e   Code   RO           10    i.vTaskRullo        main.o
    0x08002dea   0x08002dea   0x00000002   PAD
    0x08002dec   0x08002dec   0x0000009c   Code   RO         2348    i.vTaskStartScheduler  tasks.o
    0x08002e88   0x08002e88   0x00000010   Code   RO         2350    i.vTaskSuspendAll   tasks.o
    0x08002e98   0x08002e98   0x000000b0   Code   RO         2351    i.vTaskSwitchContext  tasks.o
    0x08002f48   0x08002f48   0x0000001e   Code   RO         1591    i.xEventGroupCreate  event_groups.o
    0x08002f66   0x08002f66   0x00000098   Code   RO         1594    i.xEventGroupSetBits  event_groups.o
    0x08002ffe   0x08002ffe   0x00000002   PAD
    0x08003000   0x08003000   0x000000d2   Code   RO         1597    i.xEventGroupWaitBits  event_groups.o
    0x080030d2   0x080030d2   0x00000002   PAD
    0x080030d4   0x080030d4   0x00000048   Code   RO         1833    i.xPortStartScheduler  port.o
    0x0800311c   0x0800311c   0x00000034   Code   RO         1834    i.xPortSysTickHandler  port.o
    0x08003150   0x08003150   0x00000022   Code   RO         1927    i.xQueueCreateMutex  queue.o
    0x08003172   0x08003172   0x0000002a   Code   RO         1928    i.xQueueCreateMutexStatic  queue.o
    0x0800319c   0x0800319c   0x00000052   Code   RO         1929    i.xQueueGenericCreate  queue.o
    0x080031ee   0x080031ee   0x0000003e   Code   RO         1930    i.xQueueGenericCreateStatic  queue.o
    0x0800322c   0x0800322c   0x000000a0   Code   RO         1931    i.xQueueGenericReset  queue.o
    0x080032cc   0x080032cc   0x00000118   Code   RO         1932    i.xQueueGenericSend  queue.o
    0x080033e4   0x080033e4   0x00000104   Code   RO         1942    i.xQueueReceive     queue.o
    0x080034e8   0x080034e8   0x00000130   Code   RO         1944    i.xQueueSemaphoreTake  queue.o
    0x08003618   0x08003618   0x00000060   Code   RO         2353    i.xTaskCheckForTimeOut  tasks.o
    0x08003678   0x08003678   0x0000006a   Code   RO         2354    i.xTaskCreate       tasks.o
    0x080036e2   0x080036e2   0x00000054   Code   RO         2355    i.xTaskCreateStatic  tasks.o
    0x08003736   0x08003736   0x00000002   PAD
    0x08003738   0x08003738   0x00000020   Code   RO         2362    i.xTaskGetSchedulerState  tasks.o
    0x08003758   0x08003758   0x0000000c   Code   RO         2363    i.xTaskGetTickCount  tasks.o
    0x08003764   0x08003764   0x00000190   Code   RO         2365    i.xTaskIncrementTick  tasks.o
    0x080038f4   0x080038f4   0x00000094   Code   RO         2366    i.xTaskPriorityDisinherit  tasks.o
    0x08003988   0x08003988   0x000000d8   Code   RO         2367    i.xTaskPriorityInherit  tasks.o
    0x08003a60   0x08003a60   0x00000108   Code   RO         2368    i.xTaskRemoveFromEventList  tasks.o
    0x08003b68   0x08003b68   0x00000158   Code   RO         2369    i.xTaskResumeAll    tasks.o
    0x08003cc0   0x08003cc0   0x00000060   Code   RO         2727    i.xTimerCreateTimerTask  timers.o
    0x08003d20   0x08003d20   0x0000000a   Code   RO         3075    x$fpl$fpinit        fz_wm.l(fpinit.o)
    0x08003d2a   0x08003d2a   0x00000048   Data   RO          411    .constdata          lcd.o
    0x08003d72   0x08003d72   0x00000002   PAD
    0x08003d74   0x08003d74   0x00000048   Data   RO         1506    .constdata          system_stm32l4xx.o
    0x08003dbc   0x08003dbc   0x00000020   Data   RO         3152    Region$$Table       anon$$obj.o


    Execution Region ER_RW (Exec base: 0x20000000, Load base: 0x08003ddc, Size: 0x00000088, Max: 0xffffffff, ABSOLUTE)

    Exec Addr    Load Addr    Size         Type   Attr      Idx    E Section Name        Object

    0x20000000   0x08003ddc   0x0000000c   Data   RW           14    .data               main.o
    0x2000000c   0x08003de8   0x00000004   Data   RW         1507    .data               system_stm32l4xx.o
    0x20000010   0x08003dec   0x00000020   Data   RW         1768    .data               heap_4.o
    0x20000030   0x08003e0c   0x00000004   Data   RW         1835    .data               port.o
    0x20000034   0x08003e10   0x00000040   Data   RW         2372    .data               tasks.o
    0x20000074   0x08003e50   0x00000014   Data   RW         2736    .data               timers.o


    Execution Region ER_ZI (Exec base: 0x20000088, Load base: 0x08003e64, Size: 0x00003378, Max: 0xffffffff, ABSOLUTE)

    Exec Addr    Load Addr    Size         Type   Attr      Idx    E Section Name        Object

    0x20000088        -       0x00000394   Zero   RW          821    .bss                clib_arm.o
    0x2000041c        -       0x000003f8   Zero   RW          973    .bss                cmsis_os2.o
    0x20000814        -       0x00002000   Zero   RW         1767    .bss                heap_4.o
    0x20002814        -       0x000004c4   Zero   RW         2371    .bss                tasks.o
    0x20002cd8        -       0x000000c8   Zero   RW         2735    .bss                timers.o
    0x20002da0        -       0x00000060   Zero   RW         3014    .bss                c_w.l(libspace.o)
    0x20002e00        -       0x00000200   Zero   RW         1495    HEAP                startup_stm32l476xx.o
    0x20003000        -       0x00000400   Zero   RW         1494    STACK               startup_stm32l476xx.o


==============================================================================

Image component sizes


      Code (inc. data)   RO Data    RW Data    ZI Data      Debug   Object Name

       204         24          0          0          0       1422   apprullo.o
       190          4          0          0          0       2339   arduino.o
       214         16          0          0        916      19956   clib_arm.o
       264         10          0          0          0        726   clock.o
        72         20          0          0       1016      30099   cmsis_os2.o
       422          6          0          0          0      16851   event_groups.o
       568         72          0         32       8192       4203   heap_4.o
      3032        152         72          0          0       6503   lcd.o
        40         12          0          0          0        899   led.o
       124          0          0          0          0      12185   list.o
       710        210          0         12          0     686955   main.o
       520         56          0          4          0       9688   port.o
       344         20          0          0          0       2815   puls.o
      1760         16          0          0          0      18447   queue.o
        64         26        392          0       1536        900   startup_stm32l476xx.o
       316         36         72          4          0       2313   system_stm32l4xx.o
      3642        398          0         64       1220      48130   tasks.o
       518         46          0          0          0       2763   timer.o
       950        110          0         20        200      11736   timers.o

    ----------------------------------------------------------------------
     13976       1234        570        136      13080     878930   Object Totals
         0          0         32          0          0          0   (incl. Generated)
        22          0          2          0          0          0   (incl. Padding)

    ----------------------------------------------------------------------

      Code (inc. data)   RO Data    RW Data    ZI Data      Debug   Library Member Name

         8          0          0          0          0         68   __main.o
       184          0          0          0          0         84   __printf_ss.o
         0          0          0          0          0          0   __rtentry.o
        20          0          0          0          0          0   __rtentry2.o
         6          0          0          0          0          0   __rtentry4.o
        52          8          0          0          0          0   __scatter.o
        26          0          0          0          0          0   __scatter_copy.o
        28          0          0          0          0          0   __scatter_zi.o
        48          6          0          0          0         96   _printf_char_common.o
         6          0          0          0          0          0   _printf_d.o
       120         16          0          0          0         92   _printf_dec.o
       178          0          0          0          0         88   _printf_intcommon.o
         0          0          0          0          0          0   _printf_percent.o
         4          0          0          0          0          0   _printf_percent_end.o
        10          0          0          0          0         68   _sputc.o
        16          0          0          0          0         68   aeabi_memset.o
        18          0          0          0          0         80   exit.o
         6          0          0          0          0        152   heapauxi.o
         0          0          0          0          0          0   indicate_semi.o
         2          0          0          0          0          0   libinit.o
         6          0          0          0          0          0   libinit2.o
         2          0          0          0          0          0   libshutdown.o
         2          0          0          0          0          0   libshutdown2.o
         8          4          0          0         96         68   libspace.o
        40          6          0          0          0         84   noretval__2sprintf.o
        68          0          0          0          0         68   rt_memclr.o
        78          0          0          0          0         80   rt_memclr_w.o
       138          0          0          0          0         68   rt_memcpy_v6.o
       100          0          0          0          0         80   rt_memcpy_w.o
         2          0          0          0          0          0   rtexit.o
        10          0          0          0          0          0   rtexit2.o
        12          4          0          0          0         68   sys_exit.o
        74          0          0          0          0         80   sys_stackheap_outer.o
         2          0          0          0          0         68   use_no_semi.o
        10          0          0          0          0        116   fpinit.o

    ----------------------------------------------------------------------
      1290         44          0          0         96       1576   Library Totals
         6          0          0          0          0          0   (incl. Padding)

    ----------------------------------------------------------------------

      Code (inc. data)   RO Data    RW Data    ZI Data      Debug   Library Name

      1274         44          0          0         96       1460   c_w.l
        10          0          0          0          0        116   fz_wm.l

    ----------------------------------------------------------------------
      1290         44          0          0         96       1576   Library Totals

    ----------------------------------------------------------------------

==============================================================================


      Code (inc. data)   RO Data    RW Data    ZI Data      Debug   

     15266       1278        570        136      13176     867478   Grand Totals
     15266       1278        570        136      13176     867478   ELF Image Totals
     15266       1278        570        136          0          0   ROM Totals

==============================================================================

    Total RO  Size (Code + RO Data)                15836 (  15.46kB)
    Total RW  Size (RW Data + ZI Data)             13312 (  13.00kB)
    Total ROM Size (Code + RO Data + RW Data)      15972 (  15.60kB)

==============================================================================

